mode: set
github.com/jameswhoughton/meals/cmd/server/main.go:14.13,17.16 2 0
github.com/jameswhoughton/meals/cmd/server/main.go:17.16,19.3 1 0
github.com/jameswhoughton/meals/cmd/server/main.go:21.2,23.16 2 0
github.com/jameswhoughton/meals/cmd/server/main.go:23.16,25.3 1 0
github.com/jameswhoughton/meals/cmd/server/main.go:27.2,46.27 9 0
github.com/jameswhoughton/meals/web/helpers/flash.go:8.60,15.2 2 1
github.com/jameswhoughton/meals/web/helpers/flash.go:17.86,19.16 2 1
github.com/jameswhoughton/meals/web/helpers/flash.go:19.16,20.14 1 0
github.com/jameswhoughton/meals/web/helpers/flash.go:21.25,22.18 1 0
github.com/jameswhoughton/meals/web/helpers/flash.go:23.11,24.18 1 0
github.com/jameswhoughton/meals/web/helpers/flash.go:28.2,37.34 4 1
github.com/jameswhoughton/meals/internal/planner/repository_contract.go:14.48,16.79 1 0
github.com/jameswhoughton/meals/internal/planner/repository_contract.go:16.79,37.17 7 0
github.com/jameswhoughton/meals/internal/planner/repository_contract.go:37.17,39.4 1 0
github.com/jameswhoughton/meals/internal/planner/repository_contract.go:41.3,43.17 2 0
github.com/jameswhoughton/meals/internal/planner/repository_contract.go:43.17,45.4 1 0
github.com/jameswhoughton/meals/internal/planner/repository_contract.go:48.3,50.37 2 0
github.com/jameswhoughton/meals/internal/planner/repository_contract.go:50.37,52.4 1 0
github.com/jameswhoughton/meals/internal/planner/repository_contract.go:54.3,56.17 2 0
github.com/jameswhoughton/meals/internal/planner/repository_contract.go:56.17,58.4 1 0
github.com/jameswhoughton/meals/internal/planner/repository_contract.go:60.3,62.17 2 0
github.com/jameswhoughton/meals/internal/planner/repository_contract.go:62.17,64.4 1 0
github.com/jameswhoughton/meals/internal/planner/repository_contract.go:66.3,66.20 1 0
github.com/jameswhoughton/meals/internal/planner/repository_contract.go:66.20,68.4 1 0
github.com/jameswhoughton/meals/internal/planner/repository_contract.go:70.3,73.31 2 0
github.com/jameswhoughton/meals/internal/planner/repository_contract.go:73.31,75.4 1 0
github.com/jameswhoughton/meals/internal/planner/repository_contract.go:78.2,78.91 1 0
github.com/jameswhoughton/meals/internal/planner/repository_contract.go:78.91,92.17 6 0
github.com/jameswhoughton/meals/internal/planner/repository_contract.go:92.17,94.4 1 0
github.com/jameswhoughton/meals/internal/planner/repository_contract.go:96.3,98.17 2 0
github.com/jameswhoughton/meals/internal/planner/repository_contract.go:98.17,100.4 1 0
github.com/jameswhoughton/meals/internal/planner/repository_contract.go:102.3,102.27 1 0
github.com/jameswhoughton/meals/internal/planner/repository_contract.go:102.27,104.4 1 0
github.com/jameswhoughton/meals/internal/meals/ingredientRepository.go:21.38,24.18 2 1
github.com/jameswhoughton/meals/internal/meals/ingredientRepository.go:24.18,26.3 1 0
github.com/jameswhoughton/meals/internal/meals/ingredientRepository.go:28.2,28.27 1 1
github.com/jameswhoughton/meals/internal/meals/ingredientRepository.go:35.49,37.2 1 0
github.com/jameswhoughton/meals/internal/meals/ingredientRepository_contract.go:14.58,15.71 1 0
github.com/jameswhoughton/meals/internal/meals/ingredientRepository_contract.go:15.71,40.17 6 0
github.com/jameswhoughton/meals/internal/meals/ingredientRepository_contract.go:40.17,42.4 1 0
github.com/jameswhoughton/meals/internal/meals/ingredientRepository_contract.go:44.3,44.28 1 0
github.com/jameswhoughton/meals/internal/meals/ingredientRepository_contract.go:44.28,46.4 1 0
github.com/jameswhoughton/meals/internal/meals/ingredientRepository_contract.go:50.2,50.67 1 0
github.com/jameswhoughton/meals/internal/meals/ingredientRepository_contract.go:50.67,65.17 6 0
github.com/jameswhoughton/meals/internal/meals/ingredientRepository_contract.go:65.17,67.4 1 0
github.com/jameswhoughton/meals/internal/meals/ingredientRepository_contract.go:69.3,71.17 2 0
github.com/jameswhoughton/meals/internal/meals/ingredientRepository_contract.go:71.17,73.4 1 0
github.com/jameswhoughton/meals/internal/meals/ingredientRepository_contract.go:75.3,75.40 1 0
github.com/jameswhoughton/meals/internal/meals/ingredientRepository_contract.go:75.40,77.4 1 0
github.com/jameswhoughton/meals/internal/meals/ingredientRepository_contract.go:80.2,80.57 1 0
github.com/jameswhoughton/meals/internal/meals/ingredientRepository_contract.go:80.57,97.17 5 0
github.com/jameswhoughton/meals/internal/meals/ingredientRepository_contract.go:97.17,99.4 1 0
github.com/jameswhoughton/meals/internal/meals/ingredientRepository_contract.go:101.3,101.33 1 0
github.com/jameswhoughton/meals/internal/meals/ingredientRepository_contract.go:101.33,103.4 1 0
github.com/jameswhoughton/meals/internal/meals/ingredientRepository_contract.go:105.3,107.17 2 0
github.com/jameswhoughton/meals/internal/meals/ingredientRepository_contract.go:107.17,109.4 1 0
github.com/jameswhoughton/meals/internal/meals/ingredientRepository_contract.go:111.3,111.56 1 0
github.com/jameswhoughton/meals/internal/meals/ingredientRepository_contract.go:111.56,113.4 1 0
github.com/jameswhoughton/meals/internal/meals/ingredientRepository_contract.go:117.2,117.63 1 0
github.com/jameswhoughton/meals/internal/meals/ingredientRepository_contract.go:117.63,142.17 5 0
github.com/jameswhoughton/meals/internal/meals/ingredientRepository_contract.go:142.17,144.4 1 0
github.com/jameswhoughton/meals/internal/meals/ingredientRepository_contract.go:146.3,146.34 1 0
github.com/jameswhoughton/meals/internal/meals/ingredientRepository_contract.go:146.34,148.4 1 0
github.com/jameswhoughton/meals/internal/meals/ingredientRepository_contract.go:150.3,150.35 1 0
github.com/jameswhoughton/meals/internal/meals/ingredientRepository_contract.go:150.35,152.4 1 0
github.com/jameswhoughton/meals/internal/meals/ingredientRepository_contract.go:154.3,154.32 1 0
github.com/jameswhoughton/meals/internal/meals/ingredientRepository_contract.go:154.32,156.4 1 0
github.com/jameswhoughton/meals/internal/meals/mealRepository.go:45.32,48.18 2 1
github.com/jameswhoughton/meals/internal/meals/mealRepository.go:48.18,50.3 1 1
github.com/jameswhoughton/meals/internal/meals/mealRepository.go:52.2,54.43 2 1
github.com/jameswhoughton/meals/internal/meals/mealRepository.go:54.43,55.24 1 1
github.com/jameswhoughton/meals/internal/meals/mealRepository.go:55.24,57.4 1 1
github.com/jameswhoughton/meals/internal/meals/mealRepository.go:59.3,59.31 1 1
github.com/jameswhoughton/meals/internal/meals/mealRepository.go:59.31,61.4 1 1
github.com/jameswhoughton/meals/internal/meals/mealRepository.go:64.2,64.30 1 1
github.com/jameswhoughton/meals/internal/meals/mealRepository.go:64.30,66.3 1 1
github.com/jameswhoughton/meals/internal/meals/mealRepository.go:68.2,68.27 1 1
github.com/jameswhoughton/meals/internal/meals/mealRepository.go:89.48,91.2 1 0
github.com/jameswhoughton/meals/internal/meals/mealRepository.go:93.39,94.20 1 0
github.com/jameswhoughton/meals/internal/meals/mealRepository.go:94.20,96.3 1 0
github.com/jameswhoughton/meals/internal/meals/mealRepository.go:98.2,98.25 1 0
github.com/jameswhoughton/meals/internal/meals/mealRepository.go:98.25,99.74 1 0
github.com/jameswhoughton/meals/internal/meals/mealRepository.go:99.74,101.4 1 0
github.com/jameswhoughton/meals/internal/meals/mealRepository.go:103.3,103.70 1 0
github.com/jameswhoughton/meals/internal/meals/mealRepository.go:103.70,105.4 1 0
github.com/jameswhoughton/meals/internal/meals/mealRepository.go:107.3,107.107 1 0
github.com/jameswhoughton/meals/internal/meals/mealRepository.go:107.107,109.4 1 0
github.com/jameswhoughton/meals/internal/meals/mealRepository.go:112.2,112.12 1 0
github.com/jameswhoughton/meals/internal/meals/mealRepository.go:119.43,121.2 1 0
github.com/jameswhoughton/meals/internal/meals/mealRepository_contract.go:14.34,14.47 1 0
github.com/jameswhoughton/meals/internal/meals/mealRepository_contract.go:20.52,21.70 1 0
github.com/jameswhoughton/meals/internal/meals/mealRepository_contract.go:21.70,60.17 5 0
github.com/jameswhoughton/meals/internal/meals/mealRepository_contract.go:60.17,62.4 1 0
github.com/jameswhoughton/meals/internal/meals/mealRepository_contract.go:64.3,64.26 1 0
github.com/jameswhoughton/meals/internal/meals/mealRepository_contract.go:64.26,66.4 1 0
github.com/jameswhoughton/meals/internal/meals/mealRepository_contract.go:68.3,68.39 1 0
github.com/jameswhoughton/meals/internal/meals/mealRepository_contract.go:68.39,70.4 1 0
github.com/jameswhoughton/meals/internal/meals/mealRepository_contract.go:72.3,72.63 1 0
github.com/jameswhoughton/meals/internal/meals/mealRepository_contract.go:72.63,74.4 1 0
github.com/jameswhoughton/meals/internal/meals/mealRepository_contract.go:76.3,76.49 1 0
github.com/jameswhoughton/meals/internal/meals/mealRepository_contract.go:76.49,78.4 1 0
github.com/jameswhoughton/meals/internal/meals/mealRepository_contract.go:80.3,80.50 1 0
github.com/jameswhoughton/meals/internal/meals/mealRepository_contract.go:80.50,81.26 1 0
github.com/jameswhoughton/meals/internal/meals/mealRepository_contract.go:81.26,83.5 1 0
github.com/jameswhoughton/meals/internal/meals/mealRepository_contract.go:86.3,86.36 1 0
github.com/jameswhoughton/meals/internal/meals/mealRepository_contract.go:86.36,87.19 1 0
github.com/jameswhoughton/meals/internal/meals/mealRepository_contract.go:87.19,89.5 1 0
github.com/jameswhoughton/meals/internal/meals/mealRepository_contract.go:92.3,94.17 2 0
github.com/jameswhoughton/meals/internal/meals/mealRepository_contract.go:94.17,96.4 1 0
github.com/jameswhoughton/meals/internal/meals/mealRepository_contract.go:98.3,109.17 4 0
github.com/jameswhoughton/meals/internal/meals/mealRepository_contract.go:109.17,111.4 1 0
github.com/jameswhoughton/meals/internal/meals/mealRepository_contract.go:113.3,115.17 2 0
github.com/jameswhoughton/meals/internal/meals/mealRepository_contract.go:115.17,117.4 1 0
github.com/jameswhoughton/meals/internal/meals/mealRepository_contract.go:119.3,119.39 1 0
github.com/jameswhoughton/meals/internal/meals/mealRepository_contract.go:119.39,121.4 1 0
github.com/jameswhoughton/meals/internal/meals/mealRepository_contract.go:123.3,123.43 1 0
github.com/jameswhoughton/meals/internal/meals/mealRepository_contract.go:123.43,125.4 1 0
github.com/jameswhoughton/meals/internal/meals/mealRepository_contract.go:127.3,127.67 1 0
github.com/jameswhoughton/meals/internal/meals/mealRepository_contract.go:127.67,129.4 1 0
github.com/jameswhoughton/meals/internal/meals/mealRepository_contract.go:131.3,131.53 1 0
github.com/jameswhoughton/meals/internal/meals/mealRepository_contract.go:131.53,133.4 1 0
github.com/jameswhoughton/meals/internal/meals/mealRepository_contract.go:135.3,135.54 1 0
github.com/jameswhoughton/meals/internal/meals/mealRepository_contract.go:135.54,136.26 1 0
github.com/jameswhoughton/meals/internal/meals/mealRepository_contract.go:136.26,138.5 1 0
github.com/jameswhoughton/meals/internal/meals/mealRepository_contract.go:141.3,141.40 1 0
github.com/jameswhoughton/meals/internal/meals/mealRepository_contract.go:141.40,142.19 1 0
github.com/jameswhoughton/meals/internal/meals/mealRepository_contract.go:142.19,144.5 1 0
github.com/jameswhoughton/meals/internal/meals/mealRepository_contract.go:147.3,149.17 2 0
github.com/jameswhoughton/meals/internal/meals/mealRepository_contract.go:149.17,151.4 1 0
github.com/jameswhoughton/meals/internal/meals/mealRepository_contract.go:153.3,155.17 2 0
github.com/jameswhoughton/meals/internal/meals/mealRepository_contract.go:155.17,157.4 1 0
github.com/jameswhoughton/meals/internal/meals/mealRepository_contract.go:159.3,159.61 1 0
github.com/jameswhoughton/meals/internal/meals/mealRepository_contract.go:159.61,161.4 1 0
github.com/jameswhoughton/meals/internal/meals/mealRepository_contract.go:164.2,164.57 1 0
github.com/jameswhoughton/meals/internal/meals/mealRepository_contract.go:164.57,257.17 8 0
github.com/jameswhoughton/meals/internal/meals/mealRepository_contract.go:257.17,259.4 1 0
github.com/jameswhoughton/meals/internal/meals/mealRepository_contract.go:261.3,263.17 2 0
github.com/jameswhoughton/meals/internal/meals/mealRepository_contract.go:263.17,265.4 1 0
github.com/jameswhoughton/meals/internal/meals/mealRepository_contract.go:267.3,310.38 3 0
github.com/jameswhoughton/meals/internal/meals/mealRepository_contract.go:310.38,311.45 1 0
github.com/jameswhoughton/meals/internal/meals/mealRepository_contract.go:311.45,314.19 2 0
github.com/jameswhoughton/meals/internal/meals/mealRepository_contract.go:314.19,316.6 1 0
github.com/jameswhoughton/meals/internal/meals/mealRepository_contract.go:318.5,318.50 1 0
github.com/jameswhoughton/meals/internal/meals/mealRepository_contract.go:318.50,320.6 1 0
github.com/jameswhoughton/meals/internal/meals/mealRepository_contract.go:322.5,322.32 1 0
github.com/jameswhoughton/meals/internal/meals/mealRepository_contract.go:322.32,323.59 1 0
github.com/jameswhoughton/meals/internal/meals/mealRepository_contract.go:323.59,325.7 1 0
github.com/jameswhoughton/meals/internal/meals/mealRepository_contract.go:331.2,331.71 1 0
github.com/jameswhoughton/meals/internal/meals/mealRepository_contract.go:331.71,337.17 4 0
github.com/jameswhoughton/meals/internal/meals/mealRepository_contract.go:337.17,339.4 1 0
github.com/jameswhoughton/meals/internal/meals/mealRepository_contract.go:341.3,341.49 1 0
github.com/jameswhoughton/meals/internal/meals/mealRepository_contract.go:341.49,343.4 1 0
github.com/jameswhoughton/meals/internal/meals/mealRepository_contract.go:347.2,347.64 1 0
github.com/jameswhoughton/meals/internal/meals/mealRepository_contract.go:347.64,361.17 5 0
github.com/jameswhoughton/meals/internal/meals/mealRepository_contract.go:361.17,363.4 1 0
github.com/jameswhoughton/meals/internal/meals/mealRepository_contract.go:365.3,365.49 1 0
github.com/jameswhoughton/meals/internal/meals/mealRepository_contract.go:365.49,367.4 1 0
github.com/jameswhoughton/meals/internal/meals/mealRepository_contract.go:370.3,377.17 2 0
github.com/jameswhoughton/meals/internal/meals/mealRepository_contract.go:377.17,379.4 1 0
github.com/jameswhoughton/meals/internal/meals/mealRepository_contract.go:381.3,381.49 1 0
github.com/jameswhoughton/meals/internal/meals/mealRepository_contract.go:381.49,383.4 1 0
github.com/jameswhoughton/meals/internal/meals/mealRepository_contract.go:386.3,394.17 2 0
github.com/jameswhoughton/meals/internal/meals/mealRepository_contract.go:394.17,396.4 1 0
github.com/jameswhoughton/meals/internal/meals/mealRepository_contract.go:398.3,398.49 1 0
github.com/jameswhoughton/meals/internal/meals/mealRepository_contract.go:398.49,400.4 1 0
github.com/jameswhoughton/meals/internal/meals/mealRepository_contract.go:403.2,403.93 1 0
github.com/jameswhoughton/meals/internal/meals/mealRepository_contract.go:403.93,422.17 7 0
github.com/jameswhoughton/meals/internal/meals/mealRepository_contract.go:422.17,424.4 1 0
github.com/jameswhoughton/meals/internal/meals/mealRepository_contract.go:426.3,428.17 2 0
github.com/jameswhoughton/meals/internal/meals/mealRepository_contract.go:428.17,430.4 1 0
github.com/jameswhoughton/meals/internal/meals/mealRepository_contract.go:432.3,434.17 2 0
github.com/jameswhoughton/meals/internal/meals/mealRepository_contract.go:434.17,436.4 1 0
github.com/jameswhoughton/meals/internal/meals/mealRepository_contract.go:438.3,448.17 3 0
github.com/jameswhoughton/meals/internal/meals/mealRepository_contract.go:448.17,450.4 1 0
github.com/jameswhoughton/meals/internal/meals/mealRepository_contract.go:452.3,452.22 1 0
github.com/jameswhoughton/meals/internal/meals/mealRepository_contract.go:452.22,454.4 1 0
github.com/jameswhoughton/meals/internal/meals/mealRepository_contract.go:456.3,456.35 1 0
github.com/jameswhoughton/meals/internal/meals/mealRepository_contract.go:456.35,458.4 1 0
github.com/jameswhoughton/meals/internal/meals/service.go:16.42,18.2 1 0
github.com/jameswhoughton/meals/internal/meals/service.go:20.84,22.2 1 1
github.com/jameswhoughton/meals/internal/meals/service.go:24.59,27.46 2 1
github.com/jameswhoughton/meals/internal/meals/service.go:27.46,28.24 1 1
github.com/jameswhoughton/meals/internal/meals/service.go:28.24,29.12 1 1
github.com/jameswhoughton/meals/internal/meals/service.go:32.3,32.39 1 1
github.com/jameswhoughton/meals/internal/meals/service.go:35.2,37.16 2 1
github.com/jameswhoughton/meals/internal/meals/service.go:37.16,39.3 1 0
github.com/jameswhoughton/meals/internal/meals/service.go:41.2,41.39 1 1
github.com/jameswhoughton/meals/internal/meals/service.go:41.39,42.31 1 1
github.com/jameswhoughton/meals/internal/meals/service.go:42.31,43.12 1 1
github.com/jameswhoughton/meals/internal/meals/service.go:46.3,46.47 1 1
github.com/jameswhoughton/meals/internal/meals/service.go:49.2,49.12 1 1
github.com/jameswhoughton/meals/internal/meals/service.go:52.52,55.32 2 1
github.com/jameswhoughton/meals/internal/meals/service.go:55.32,56.17 1 1
github.com/jameswhoughton/meals/internal/meals/service.go:56.17,57.12 1 1
github.com/jameswhoughton/meals/internal/meals/service.go:60.3,60.25 1 1
github.com/jameswhoughton/meals/internal/meals/service.go:63.2,65.16 2 1
github.com/jameswhoughton/meals/internal/meals/service.go:65.16,67.3 1 0
github.com/jameswhoughton/meals/internal/meals/service.go:69.2,69.32 1 1
github.com/jameswhoughton/meals/internal/meals/service.go:69.32,70.24 1 1
github.com/jameswhoughton/meals/internal/meals/service.go:70.24,71.12 1 1
github.com/jameswhoughton/meals/internal/meals/service.go:74.3,74.33 1 1
github.com/jameswhoughton/meals/internal/meals/service.go:77.2,77.12 1 1
github.com/jameswhoughton/meals/internal/meals/service.go:80.56,81.42 1 1
github.com/jameswhoughton/meals/internal/meals/service.go:81.42,83.3 1 1
github.com/jameswhoughton/meals/internal/meals/service.go:85.2,93.16 6 1
github.com/jameswhoughton/meals/internal/meals/service.go:93.16,95.3 1 0
github.com/jameswhoughton/meals/internal/meals/service.go:97.2,97.25 1 1
github.com/jameswhoughton/meals/internal/meals/service.go:100.48,101.42 1 1
github.com/jameswhoughton/meals/internal/meals/service.go:101.42,103.3 1 1
github.com/jameswhoughton/meals/internal/meals/service.go:105.2,112.16 5 1
github.com/jameswhoughton/meals/internal/meals/service.go:112.16,114.3 1 0
github.com/jameswhoughton/meals/internal/meals/service.go:116.2,116.12 1 1
github.com/jameswhoughton/meals/internal/meals/service.go:119.66,120.48 1 1
github.com/jameswhoughton/meals/internal/meals/service.go:120.48,122.3 1 0
github.com/jameswhoughton/meals/internal/meals/service.go:124.2,126.16 2 1
github.com/jameswhoughton/meals/internal/meals/service.go:126.16,128.3 1 0
github.com/jameswhoughton/meals/internal/meals/service.go:130.2,130.12 1 1
github.com/jameswhoughton/meals/internal/meals/service.go:133.45,134.41 1 1
github.com/jameswhoughton/meals/internal/meals/service.go:134.41,136.3 1 0
github.com/jameswhoughton/meals/internal/meals/service.go:138.2,140.16 2 1
github.com/jameswhoughton/meals/internal/meals/service.go:140.16,142.3 1 0
github.com/jameswhoughton/meals/internal/meals/service.go:144.2,144.12 1 1
github.com/jameswhoughton/meals/internal/meals/tagRepository.go:21.31,24.18 2 1
github.com/jameswhoughton/meals/internal/meals/tagRepository.go:24.18,26.3 1 0
github.com/jameswhoughton/meals/internal/meals/tagRepository.go:28.2,28.27 1 1
github.com/jameswhoughton/meals/internal/meals/tagRepository.go:35.42,37.2 1 0
github.com/jameswhoughton/meals/internal/meals/tagRepository_contract.go:14.51,15.64 1 0
github.com/jameswhoughton/meals/internal/meals/tagRepository_contract.go:15.64,40.17 6 0
github.com/jameswhoughton/meals/internal/meals/tagRepository_contract.go:40.17,42.4 1 0
github.com/jameswhoughton/meals/internal/meals/tagRepository_contract.go:44.3,44.21 1 0
github.com/jameswhoughton/meals/internal/meals/tagRepository_contract.go:44.21,46.4 1 0
github.com/jameswhoughton/meals/internal/meals/tagRepository_contract.go:50.2,50.60 1 0
github.com/jameswhoughton/meals/internal/meals/tagRepository_contract.go:50.60,65.17 6 0
github.com/jameswhoughton/meals/internal/meals/tagRepository_contract.go:65.17,67.4 1 0
github.com/jameswhoughton/meals/internal/meals/tagRepository_contract.go:69.3,71.17 2 0
github.com/jameswhoughton/meals/internal/meals/tagRepository_contract.go:71.17,73.4 1 0
github.com/jameswhoughton/meals/internal/meals/tagRepository_contract.go:75.3,75.33 1 0
github.com/jameswhoughton/meals/internal/meals/tagRepository_contract.go:75.33,77.4 1 0
github.com/jameswhoughton/meals/internal/meals/tagRepository_contract.go:80.2,80.50 1 0
github.com/jameswhoughton/meals/internal/meals/tagRepository_contract.go:80.50,97.17 5 0
github.com/jameswhoughton/meals/internal/meals/tagRepository_contract.go:97.17,99.4 1 0
github.com/jameswhoughton/meals/internal/meals/tagRepository_contract.go:101.3,101.26 1 0
github.com/jameswhoughton/meals/internal/meals/tagRepository_contract.go:101.26,103.4 1 0
github.com/jameswhoughton/meals/internal/meals/tagRepository_contract.go:105.3,107.17 2 0
github.com/jameswhoughton/meals/internal/meals/tagRepository_contract.go:107.17,109.4 1 0
github.com/jameswhoughton/meals/internal/meals/tagRepository_contract.go:111.3,111.49 1 0
github.com/jameswhoughton/meals/internal/meals/tagRepository_contract.go:111.49,113.4 1 0
github.com/jameswhoughton/meals/internal/planner/repository_contract.go:14.48,16.79 1 0
github.com/jameswhoughton/meals/internal/planner/repository_contract.go:16.79,37.17 7 0
github.com/jameswhoughton/meals/internal/planner/repository_contract.go:37.17,39.4 1 0
github.com/jameswhoughton/meals/internal/planner/repository_contract.go:41.3,43.17 2 0
github.com/jameswhoughton/meals/internal/planner/repository_contract.go:43.17,45.4 1 0
github.com/jameswhoughton/meals/internal/planner/repository_contract.go:48.3,50.37 2 0
github.com/jameswhoughton/meals/internal/planner/repository_contract.go:50.37,52.4 1 0
github.com/jameswhoughton/meals/internal/planner/repository_contract.go:54.3,56.17 2 0
github.com/jameswhoughton/meals/internal/planner/repository_contract.go:56.17,58.4 1 0
github.com/jameswhoughton/meals/internal/planner/repository_contract.go:60.3,62.17 2 0
github.com/jameswhoughton/meals/internal/planner/repository_contract.go:62.17,64.4 1 0
github.com/jameswhoughton/meals/internal/planner/repository_contract.go:66.3,66.20 1 0
github.com/jameswhoughton/meals/internal/planner/repository_contract.go:66.20,68.4 1 0
github.com/jameswhoughton/meals/internal/planner/repository_contract.go:70.3,73.31 2 0
github.com/jameswhoughton/meals/internal/planner/repository_contract.go:73.31,75.4 1 0
github.com/jameswhoughton/meals/internal/planner/repository_contract.go:78.2,78.91 1 0
github.com/jameswhoughton/meals/internal/planner/repository_contract.go:78.91,92.17 6 0
github.com/jameswhoughton/meals/internal/planner/repository_contract.go:92.17,94.4 1 0
github.com/jameswhoughton/meals/internal/planner/repository_contract.go:96.3,98.17 2 0
github.com/jameswhoughton/meals/internal/planner/repository_contract.go:98.17,100.4 1 0
github.com/jameswhoughton/meals/internal/planner/repository_contract.go:102.3,102.27 1 0
github.com/jameswhoughton/meals/internal/planner/repository_contract.go:102.27,104.4 1 0
github.com/jameswhoughton/meals/internal/planner/repository_contract.go:14.48,16.79 1 0
github.com/jameswhoughton/meals/internal/planner/repository_contract.go:16.79,37.17 7 0
github.com/jameswhoughton/meals/internal/planner/repository_contract.go:37.17,39.4 1 0
github.com/jameswhoughton/meals/internal/planner/repository_contract.go:41.3,43.17 2 0
github.com/jameswhoughton/meals/internal/planner/repository_contract.go:43.17,45.4 1 0
github.com/jameswhoughton/meals/internal/planner/repository_contract.go:48.3,50.37 2 0
github.com/jameswhoughton/meals/internal/planner/repository_contract.go:50.37,52.4 1 0
github.com/jameswhoughton/meals/internal/planner/repository_contract.go:54.3,56.17 2 0
github.com/jameswhoughton/meals/internal/planner/repository_contract.go:56.17,58.4 1 0
github.com/jameswhoughton/meals/internal/planner/repository_contract.go:60.3,62.17 2 0
github.com/jameswhoughton/meals/internal/planner/repository_contract.go:62.17,64.4 1 0
github.com/jameswhoughton/meals/internal/planner/repository_contract.go:66.3,66.20 1 0
github.com/jameswhoughton/meals/internal/planner/repository_contract.go:66.20,68.4 1 0
github.com/jameswhoughton/meals/internal/planner/repository_contract.go:70.3,73.31 2 0
github.com/jameswhoughton/meals/internal/planner/repository_contract.go:73.31,75.4 1 0
github.com/jameswhoughton/meals/internal/planner/repository_contract.go:78.2,78.91 1 0
github.com/jameswhoughton/meals/internal/planner/repository_contract.go:78.91,92.17 6 0
github.com/jameswhoughton/meals/internal/planner/repository_contract.go:92.17,94.4 1 0
github.com/jameswhoughton/meals/internal/planner/repository_contract.go:96.3,98.17 2 0
github.com/jameswhoughton/meals/internal/planner/repository_contract.go:98.17,100.4 1 0
github.com/jameswhoughton/meals/internal/planner/repository_contract.go:102.3,102.27 1 0
github.com/jameswhoughton/meals/internal/planner/repository_contract.go:102.27,104.4 1 0
github.com/jameswhoughton/meals/web/handlers_meals.go:23.83,24.71 1 0
github.com/jameswhoughton/meals/web/handlers_meals.go:24.71,32.17 2 0
github.com/jameswhoughton/meals/web/handlers_meals.go:32.17,36.4 2 0
github.com/jameswhoughton/meals/web/handlers_meals.go:38.3,48.17 5 0
github.com/jameswhoughton/meals/web/handlers_meals.go:48.17,51.4 2 0
github.com/jameswhoughton/meals/web/handlers_meals.go:53.3,63.5 2 0
github.com/jameswhoughton/meals/web/handlers_meals.go:72.82,73.71 1 1
github.com/jameswhoughton/meals/web/handlers_meals.go:73.71,81.17 2 1
github.com/jameswhoughton/meals/web/handlers_meals.go:81.17,85.4 2 0
github.com/jameswhoughton/meals/web/handlers_meals.go:87.3,92.17 4 1
github.com/jameswhoughton/meals/web/handlers_meals.go:92.17,93.60 1 1
github.com/jameswhoughton/meals/web/handlers_meals.go:93.60,97.5 2 1
github.com/jameswhoughton/meals/web/handlers_meals.go:100.3,100.28 1 1
github.com/jameswhoughton/meals/web/handlers_meals.go:100.28,104.4 2 1
github.com/jameswhoughton/meals/web/handlers_meals.go:106.3,108.17 2 0
github.com/jameswhoughton/meals/web/handlers_meals.go:108.17,113.4 3 0
github.com/jameswhoughton/meals/web/handlers_meals.go:115.3,117.21 2 0
github.com/jameswhoughton/meals/web/handlers_meals.go:117.21,119.4 1 0
github.com/jameswhoughton/meals/web/handlers_meals.go:121.3,131.5 2 0
github.com/jameswhoughton/meals/web/handlers_meals.go:136.61,137.71 1 0
github.com/jameswhoughton/meals/web/handlers_meals.go:137.71,145.17 2 0
github.com/jameswhoughton/meals/web/handlers_meals.go:145.17,149.4 2 0
github.com/jameswhoughton/meals/web/handlers_meals.go:151.3,153.17 2 0
github.com/jameswhoughton/meals/web/handlers_meals.go:153.17,158.4 3 0
github.com/jameswhoughton/meals/web/handlers_meals.go:160.3,162.21 2 0
github.com/jameswhoughton/meals/web/handlers_meals.go:162.21,164.4 1 0
github.com/jameswhoughton/meals/web/handlers_meals.go:166.3,176.5 2 0
github.com/jameswhoughton/meals/web/handlers_meals.go:181.49,190.22 3 1
github.com/jameswhoughton/meals/web/handlers_meals.go:190.22,192.3 1 0
github.com/jameswhoughton/meals/web/handlers_meals.go:194.2,196.16 2 1
github.com/jameswhoughton/meals/web/handlers_meals.go:196.16,198.3 1 0
github.com/jameswhoughton/meals/web/handlers_meals.go:200.2,200.47 1 1
github.com/jameswhoughton/meals/web/handlers_meals.go:200.47,216.3 11 1
github.com/jameswhoughton/meals/web/handlers_meals.go:218.2,218.40 1 1
github.com/jameswhoughton/meals/web/handlers_meals.go:218.40,227.3 5 1
github.com/jameswhoughton/meals/web/handlers_meals.go:229.2,235.3 1 1
github.com/jameswhoughton/meals/web/handlers_meals.go:242.58,243.71 1 1
github.com/jameswhoughton/meals/web/handlers_meals.go:243.71,252.61 5 1
github.com/jameswhoughton/meals/web/handlers_meals.go:252.61,259.4 4 0
github.com/jameswhoughton/meals/web/handlers_meals.go:261.3,261.17 1 1
github.com/jameswhoughton/meals/web/handlers_meals.go:261.17,264.4 2 0
github.com/jameswhoughton/meals/web/handlers_meals.go:266.3,268.50 2 1
github.com/jameswhoughton/meals/web/handlers_meals.go:279.84,280.71 1 1
github.com/jameswhoughton/meals/web/handlers_meals.go:280.71,289.17 5 1
github.com/jameswhoughton/meals/web/handlers_meals.go:289.17,290.61 1 1
github.com/jameswhoughton/meals/web/handlers_meals.go:290.61,294.5 2 1
github.com/jameswhoughton/meals/web/handlers_meals.go:297.3,297.36 1 1
github.com/jameswhoughton/meals/web/handlers_meals.go:297.36,301.4 2 1
github.com/jameswhoughton/meals/web/handlers_meals.go:303.3,307.61 3 1
github.com/jameswhoughton/meals/web/handlers_meals.go:307.61,314.4 4 0
github.com/jameswhoughton/meals/web/handlers_meals.go:316.3,316.17 1 1
github.com/jameswhoughton/meals/web/handlers_meals.go:316.17,321.4 3 0
github.com/jameswhoughton/meals/web/handlers_meals.go:323.3,325.50 2 1
github.com/jameswhoughton/meals/web/handlers_meals.go:330.68,331.71 1 1
github.com/jameswhoughton/meals/web/handlers_meals.go:331.71,338.17 4 1
github.com/jameswhoughton/meals/web/handlers_meals.go:338.17,339.60 1 1
github.com/jameswhoughton/meals/web/handlers_meals.go:339.60,343.5 2 1
github.com/jameswhoughton/meals/web/handlers_meals.go:346.3,346.36 1 1
github.com/jameswhoughton/meals/web/handlers_meals.go:346.36,350.4 2 1
github.com/jameswhoughton/meals/web/handlers_meals.go:352.3,354.17 2 1
github.com/jameswhoughton/meals/web/handlers_meals.go:354.17,358.4 2 0
github.com/jameswhoughton/meals/web/handlers_meals.go:360.3,360.50 1 1
github.com/jameswhoughton/meals/web/handlers_meals.go:366.65,367.46 1 0
github.com/jameswhoughton/meals/web/handlers_meals.go:367.46,369.3 1 0
github.com/jameswhoughton/meals/web/handlers_meals.go:371.2,373.14 2 0
github.com/jameswhoughton/meals/web/handlers_meals.go:373.14,375.3 1 0
github.com/jameswhoughton/meals/web/handlers_meals.go:377.2,379.79 2 0
github.com/jameswhoughton/meals/web/handlers_meals.go:382.115,383.71 1 0
github.com/jameswhoughton/meals/web/handlers_meals.go:383.71,391.17 2 0
github.com/jameswhoughton/meals/web/handlers_meals.go:391.17,395.4 2 0
github.com/jameswhoughton/meals/web/handlers_meals.go:396.3,400.17 3 0
github.com/jameswhoughton/meals/web/handlers_meals.go:400.18,402.4 0 0
github.com/jameswhoughton/meals/web/handlers_meals.go:404.3,413.32 4 0
github.com/jameswhoughton/meals/web/handlers_meals.go:413.32,415.4 1 0
github.com/jameswhoughton/meals/web/handlers_meals.go:415.9,418.18 2 0
github.com/jameswhoughton/meals/web/handlers_meals.go:418.18,422.5 2 0
github.com/jameswhoughton/meals/web/handlers_meals.go:424.4,424.65 1 0
github.com/jameswhoughton/meals/web/handlers_meals.go:426.3,436.5 3 0
github.com/jameswhoughton/meals/web/handlers_meals.go:444.102,445.71 1 0
github.com/jameswhoughton/meals/web/handlers_meals.go:445.71,453.17 2 0
github.com/jameswhoughton/meals/web/handlers_meals.go:453.17,457.4 2 0
github.com/jameswhoughton/meals/web/handlers_meals.go:459.3,464.17 4 0
github.com/jameswhoughton/meals/web/handlers_meals.go:464.17,469.4 3 0
github.com/jameswhoughton/meals/web/handlers_meals.go:471.3,481.5 2 0
github.com/jameswhoughton/meals/web/handlers_meals.go:489.87,490.71 1 0
github.com/jameswhoughton/meals/web/handlers_meals.go:490.71,497.17 4 0
github.com/jameswhoughton/meals/web/handlers_meals.go:497.17,500.4 2 0
github.com/jameswhoughton/meals/web/handlers_meals.go:502.3,504.37 2 0
github.com/jameswhoughton/meals/web/handlers_meals.go:513.101,514.71 1 1
github.com/jameswhoughton/meals/web/handlers_meals.go:514.71,522.17 2 1
github.com/jameswhoughton/meals/web/handlers_meals.go:522.17,526.4 2 0
github.com/jameswhoughton/meals/web/handlers_meals.go:528.3,533.17 4 1
github.com/jameswhoughton/meals/web/handlers_meals.go:533.17,534.72 1 1
github.com/jameswhoughton/meals/web/handlers_meals.go:534.72,538.5 2 1
github.com/jameswhoughton/meals/web/handlers_meals.go:541.3,541.34 1 1
github.com/jameswhoughton/meals/web/handlers_meals.go:541.34,545.4 2 1
github.com/jameswhoughton/meals/web/handlers_meals.go:547.3,549.17 2 0
github.com/jameswhoughton/meals/web/handlers_meals.go:549.17,554.4 3 0
github.com/jameswhoughton/meals/web/handlers_meals.go:556.3,556.21 1 0
github.com/jameswhoughton/meals/web/handlers_meals.go:556.21,558.4 1 0
github.com/jameswhoughton/meals/web/handlers_meals.go:560.3,568.5 2 0
github.com/jameswhoughton/meals/web/handlers_meals.go:578.96,579.71 1 1
github.com/jameswhoughton/meals/web/handlers_meals.go:579.71,588.17 5 1
github.com/jameswhoughton/meals/web/handlers_meals.go:588.17,589.72 1 1
github.com/jameswhoughton/meals/web/handlers_meals.go:589.72,593.5 2 1
github.com/jameswhoughton/meals/web/handlers_meals.go:596.3,596.42 1 1
github.com/jameswhoughton/meals/web/handlers_meals.go:596.42,600.4 2 1
github.com/jameswhoughton/meals/web/handlers_meals.go:602.3,610.61 3 1
github.com/jameswhoughton/meals/web/handlers_meals.go:610.61,617.4 4 0
github.com/jameswhoughton/meals/web/handlers_meals.go:619.3,619.17 1 1
github.com/jameswhoughton/meals/web/handlers_meals.go:619.17,624.4 3 0
github.com/jameswhoughton/meals/web/handlers_meals.go:626.3,626.56 1 1
github.com/jameswhoughton/meals/web/handlers_meals.go:634.65,635.71 1 0
github.com/jameswhoughton/meals/web/handlers_meals.go:635.71,642.17 4 0
github.com/jameswhoughton/meals/web/handlers_meals.go:642.17,645.4 2 0
github.com/jameswhoughton/meals/web/handlers_meals.go:647.3,649.37 2 0
github.com/jameswhoughton/meals/web/handlers_meals.go:656.81,657.71 1 0
github.com/jameswhoughton/meals/web/handlers_meals.go:657.71,665.17 2 0
github.com/jameswhoughton/meals/web/handlers_meals.go:665.17,669.4 2 0
github.com/jameswhoughton/meals/web/handlers_meals.go:671.3,676.17 4 0
github.com/jameswhoughton/meals/web/handlers_meals.go:676.17,679.4 2 0
github.com/jameswhoughton/meals/web/handlers_meals.go:681.3,691.5 2 0
github.com/jameswhoughton/meals/web/handlers_meals.go:700.80,701.71 1 0
github.com/jameswhoughton/meals/web/handlers_meals.go:701.71,709.17 2 0
github.com/jameswhoughton/meals/web/handlers_meals.go:709.17,713.4 2 0
github.com/jameswhoughton/meals/web/handlers_meals.go:715.3,720.17 4 0
github.com/jameswhoughton/meals/web/handlers_meals.go:720.17,721.58 1 0
github.com/jameswhoughton/meals/web/handlers_meals.go:721.58,725.5 2 0
github.com/jameswhoughton/meals/web/handlers_meals.go:728.3,728.27 1 0
github.com/jameswhoughton/meals/web/handlers_meals.go:728.27,732.4 2 0
github.com/jameswhoughton/meals/web/handlers_meals.go:734.3,736.17 2 0
github.com/jameswhoughton/meals/web/handlers_meals.go:736.17,741.4 3 0
github.com/jameswhoughton/meals/web/handlers_meals.go:743.3,743.21 1 0
github.com/jameswhoughton/meals/web/handlers_meals.go:743.21,745.4 1 0
github.com/jameswhoughton/meals/web/handlers_meals.go:747.3,755.5 2 0
github.com/jameswhoughton/meals/web/handlers_meals.go:764.82,765.71 1 0
github.com/jameswhoughton/meals/web/handlers_meals.go:765.71,774.17 5 0
github.com/jameswhoughton/meals/web/handlers_meals.go:774.17,775.58 1 0
github.com/jameswhoughton/meals/web/handlers_meals.go:775.58,779.5 2 0
github.com/jameswhoughton/meals/web/handlers_meals.go:782.3,782.35 1 0
github.com/jameswhoughton/meals/web/handlers_meals.go:782.35,786.4 2 0
github.com/jameswhoughton/meals/web/handlers_meals.go:788.3,796.61 3 0
github.com/jameswhoughton/meals/web/handlers_meals.go:796.61,803.4 4 0
github.com/jameswhoughton/meals/web/handlers_meals.go:805.3,805.17 1 0
github.com/jameswhoughton/meals/web/handlers_meals.go:805.17,810.4 3 0
github.com/jameswhoughton/meals/web/handlers_meals.go:812.3,812.49 1 0
github.com/jameswhoughton/meals/web/routes.go:30.3,35.71 2 0
github.com/jameswhoughton/meals/web/routes.go:35.71,38.17 2 0
github.com/jameswhoughton/meals/web/routes.go:38.17,39.11 1 0
github.com/jameswhoughton/meals/web/routes.go:40.42,41.52 1 0
github.com/jameswhoughton/meals/web/routes.go:42.12,44.66 2 0
github.com/jameswhoughton/meals/web/routes.go:46.4,46.10 1 0
github.com/jameswhoughton/meals/web/routes.go:49.3,49.52 1 0
github.com/jameswhoughton/meals/web/routes.go:54.2,91.75 24 0
github.com/jameswhoughton/meals/web/server.go:21.32,29.2 4 0
github.com/jameswhoughton/meals/web/server.go:39.11,49.2 1 0
github.com/jameswhoughton/meals/web/static.go:9.60,13.16 3 0
github.com/jameswhoughton/meals/web/static.go:13.16,15.3 1 0
github.com/jameswhoughton/meals/web/static.go:16.2,16.76 1 0
github.com/jameswhoughton/meals/internal/planner/repository_contract.go:14.48,16.79 1 1
github.com/jameswhoughton/meals/internal/planner/repository_contract.go:16.79,37.17 7 1
github.com/jameswhoughton/meals/internal/planner/repository_contract.go:37.17,39.4 1 0
github.com/jameswhoughton/meals/internal/planner/repository_contract.go:41.3,43.17 2 1
github.com/jameswhoughton/meals/internal/planner/repository_contract.go:43.17,45.4 1 0
github.com/jameswhoughton/meals/internal/planner/repository_contract.go:48.3,50.37 2 1
github.com/jameswhoughton/meals/internal/planner/repository_contract.go:50.37,52.4 1 0
github.com/jameswhoughton/meals/internal/planner/repository_contract.go:54.3,56.17 2 1
github.com/jameswhoughton/meals/internal/planner/repository_contract.go:56.17,58.4 1 0
github.com/jameswhoughton/meals/internal/planner/repository_contract.go:60.3,62.17 2 1
github.com/jameswhoughton/meals/internal/planner/repository_contract.go:62.17,64.4 1 0
github.com/jameswhoughton/meals/internal/planner/repository_contract.go:66.3,66.20 1 1
github.com/jameswhoughton/meals/internal/planner/repository_contract.go:66.20,68.4 1 0
github.com/jameswhoughton/meals/internal/planner/repository_contract.go:70.3,73.31 2 1
github.com/jameswhoughton/meals/internal/planner/repository_contract.go:73.31,75.4 1 0
github.com/jameswhoughton/meals/internal/planner/repository_contract.go:78.2,78.91 1 1
github.com/jameswhoughton/meals/internal/planner/repository_contract.go:78.91,92.17 6 1
github.com/jameswhoughton/meals/internal/planner/repository_contract.go:92.17,94.4 1 0
github.com/jameswhoughton/meals/internal/planner/repository_contract.go:96.3,98.17 2 1
github.com/jameswhoughton/meals/internal/planner/repository_contract.go:98.17,100.4 1 0
github.com/jameswhoughton/meals/internal/planner/repository_contract.go:102.3,102.27 1 1
github.com/jameswhoughton/meals/internal/planner/repository_contract.go:102.27,104.4 1 0
github.com/jameswhoughton/meals/memory/ingredientRepository.go:13.75,14.38 1 1
github.com/jameswhoughton/meals/memory/ingredientRepository.go:14.38,15.26 1 1
github.com/jameswhoughton/meals/memory/ingredientRepository.go:15.26,17.4 1 1
github.com/jameswhoughton/meals/memory/ingredientRepository.go:20.2,20.66 1 1
github.com/jameswhoughton/meals/memory/ingredientRepository.go:23.93,28.38 3 1
github.com/jameswhoughton/meals/memory/ingredientRepository.go:28.38,29.34 1 1
github.com/jameswhoughton/meals/memory/ingredientRepository.go:29.34,30.12 1 1
github.com/jameswhoughton/meals/memory/ingredientRepository.go:33.3,33.65 1 1
github.com/jameswhoughton/meals/memory/ingredientRepository.go:33.65,35.4 1 1
github.com/jameswhoughton/meals/memory/ingredientRepository.go:38.2,38.25 1 1
github.com/jameswhoughton/meals/memory/ingredientRepository.go:41.75,42.46 1 1
github.com/jameswhoughton/meals/memory/ingredientRepository.go:42.46,43.45 1 1
github.com/jameswhoughton/meals/memory/ingredientRepository.go:43.45,45.9 2 1
github.com/jameswhoughton/meals/memory/ingredientRepository.go:49.2,49.12 1 1
github.com/jameswhoughton/meals/memory/ingredientRepository.go:52.95,55.38 2 1
github.com/jameswhoughton/meals/memory/ingredientRepository.go:55.38,56.34 1 1
github.com/jameswhoughton/meals/memory/ingredientRepository.go:56.34,57.12 1 1
github.com/jameswhoughton/meals/memory/ingredientRepository.go:60.3,60.49 1 1
github.com/jameswhoughton/meals/memory/ingredientRepository.go:63.2,63.27 1 1
github.com/jameswhoughton/meals/memory/mealRepository.go:16.59,17.32 1 1
github.com/jameswhoughton/meals/memory/mealRepository.go:17.32,18.20 1 1
github.com/jameswhoughton/meals/memory/mealRepository.go:18.20,20.4 1 1
github.com/jameswhoughton/meals/memory/mealRepository.go:23.2,23.54 1 1
github.com/jameswhoughton/meals/memory/mealRepository.go:26.79,30.16 3 1
github.com/jameswhoughton/meals/memory/mealRepository.go:30.16,32.3 1 1
github.com/jameswhoughton/meals/memory/mealRepository.go:34.2,34.32 1 1
github.com/jameswhoughton/meals/memory/mealRepository.go:34.32,35.35 1 1
github.com/jameswhoughton/meals/memory/mealRepository.go:35.35,36.12 1 1
github.com/jameswhoughton/meals/memory/mealRepository.go:39.3,39.105 1 1
github.com/jameswhoughton/meals/memory/mealRepository.go:39.105,40.12 1 1
github.com/jameswhoughton/meals/memory/mealRepository.go:43.3,43.30 1 1
github.com/jameswhoughton/meals/memory/mealRepository.go:43.30,46.34 2 1
github.com/jameswhoughton/meals/memory/mealRepository.go:46.34,47.48 1 1
github.com/jameswhoughton/meals/memory/mealRepository.go:47.48,49.6 1 1
github.com/jameswhoughton/meals/memory/mealRepository.go:52.4,52.14 1 1
github.com/jameswhoughton/meals/memory/mealRepository.go:52.14,53.13 1 1
github.com/jameswhoughton/meals/memory/mealRepository.go:57.3,57.42 1 1
github.com/jameswhoughton/meals/memory/mealRepository.go:57.42,59.48 2 1
github.com/jameswhoughton/meals/memory/mealRepository.go:59.48,60.90 1 1
github.com/jameswhoughton/meals/memory/mealRepository.go:60.90,62.11 2 1
github.com/jameswhoughton/meals/memory/mealRepository.go:65.4,65.12 1 1
github.com/jameswhoughton/meals/memory/mealRepository.go:65.12,66.13 1 1
github.com/jameswhoughton/meals/memory/mealRepository.go:70.3,70.30 1 1
github.com/jameswhoughton/meals/memory/mealRepository.go:70.30,71.45 1 1
github.com/jameswhoughton/meals/memory/mealRepository.go:71.45,73.32 2 1
github.com/jameswhoughton/meals/memory/mealRepository.go:73.32,74.79 1 1
github.com/jameswhoughton/meals/memory/mealRepository.go:74.79,76.12 2 0
github.com/jameswhoughton/meals/memory/mealRepository.go:79.6,79.74 1 1
github.com/jameswhoughton/meals/memory/mealRepository.go:79.74,81.12 2 1
github.com/jameswhoughton/meals/memory/mealRepository.go:86.5,86.13 1 1
github.com/jameswhoughton/meals/memory/mealRepository.go:86.13,87.14 1 1
github.com/jameswhoughton/meals/memory/mealRepository.go:92.3,92.30 1 1
github.com/jameswhoughton/meals/memory/mealRepository.go:94.2,94.19 1 1
github.com/jameswhoughton/meals/memory/mealRepository.go:98.53,101.32 2 1
github.com/jameswhoughton/meals/memory/mealRepository.go:101.32,102.47 1 1
github.com/jameswhoughton/meals/memory/mealRepository.go:102.47,104.4 1 1
github.com/jameswhoughton/meals/memory/mealRepository.go:107.2,107.23 1 1
github.com/jameswhoughton/meals/memory/mealRepository.go:110.46,113.32 2 1
github.com/jameswhoughton/meals/memory/mealRepository.go:113.32,114.33 1 1
github.com/jameswhoughton/meals/memory/mealRepository.go:114.33,116.4 1 1
github.com/jameswhoughton/meals/memory/mealRepository.go:119.2,119.23 1 1
github.com/jameswhoughton/meals/memory/mealRepository.go:122.71,127.46 3 1
github.com/jameswhoughton/meals/memory/mealRepository.go:127.46,128.25 1 1
github.com/jameswhoughton/meals/memory/mealRepository.go:128.25,133.4 3 1
github.com/jameswhoughton/meals/memory/mealRepository.go:136.2,138.32 2 1
github.com/jameswhoughton/meals/memory/mealRepository.go:138.32,139.18 1 1
github.com/jameswhoughton/meals/memory/mealRepository.go:139.18,144.4 3 1
github.com/jameswhoughton/meals/memory/mealRepository.go:147.2,149.18 2 1
github.com/jameswhoughton/meals/memory/mealRepository.go:152.57,153.40 1 1
github.com/jameswhoughton/meals/memory/mealRepository.go:153.40,154.33 1 1
github.com/jameswhoughton/meals/memory/mealRepository.go:154.33,158.48 2 1
github.com/jameswhoughton/meals/memory/mealRepository.go:158.48,159.27 1 1
github.com/jameswhoughton/meals/memory/mealRepository.go:159.27,164.6 3 1
github.com/jameswhoughton/meals/memory/mealRepository.go:167.4,170.34 2 1
github.com/jameswhoughton/meals/memory/mealRepository.go:170.34,171.20 1 1
github.com/jameswhoughton/meals/memory/mealRepository.go:171.20,176.6 3 1
github.com/jameswhoughton/meals/memory/mealRepository.go:179.4,179.22 1 1
github.com/jameswhoughton/meals/memory/mealRepository.go:183.2,183.12 1 1
github.com/jameswhoughton/meals/memory/mealRepository.go:186.49,189.32 2 1
github.com/jameswhoughton/meals/memory/mealRepository.go:189.32,190.20 1 1
github.com/jameswhoughton/meals/memory/mealRepository.go:190.20,193.12 2 1
github.com/jameswhoughton/meals/memory/mealRepository.go:196.3,196.30 1 0
github.com/jameswhoughton/meals/memory/mealRepository.go:199.2,201.12 2 1
github.com/jameswhoughton/meals/memory/mealRepository.go:204.70,205.34 1 1
github.com/jameswhoughton/meals/memory/mealRepository.go:205.34,207.3 1 0
github.com/jameswhoughton/meals/memory/mealRepository.go:207.8,209.3 1 1
github.com/jameswhoughton/meals/memory/mealRepository.go:211.2,211.12 1 1
github.com/jameswhoughton/meals/memory/plannerRepository.go:11.48,17.2 2 0
github.com/jameswhoughton/meals/memory/plannerRepository.go:24.69,27.29 2 1
github.com/jameswhoughton/meals/memory/plannerRepository.go:27.29,28.17 1 1
github.com/jameswhoughton/meals/memory/plannerRepository.go:28.17,30.9 2 1
github.com/jameswhoughton/meals/memory/plannerRepository.go:34.2,34.18 1 1
github.com/jameswhoughton/meals/memory/plannerRepository.go:34.18,36.3 1 1
github.com/jameswhoughton/meals/memory/plannerRepository.go:38.2,38.18 1 1
github.com/jameswhoughton/meals/memory/plannerRepository.go:41.68,44.16 2 1
github.com/jameswhoughton/meals/memory/plannerRepository.go:44.16,46.3 1 0
github.com/jameswhoughton/meals/memory/plannerRepository.go:48.2,52.12 3 1
github.com/jameswhoughton/meals/memory/plannerRepository.go:55.84,61.16 4 1
github.com/jameswhoughton/meals/memory/plannerRepository.go:61.16,63.3 1 1
github.com/jameswhoughton/meals/memory/plannerRepository.go:65.2,65.18 1 1
github.com/jameswhoughton/meals/memory/plannerRepository.go:68.70,74.2 3 1
github.com/jameswhoughton/meals/memory/sessionRepository.go:13.81,19.2 3 1
github.com/jameswhoughton/meals/memory/sessionRepository.go:21.62,24.35 2 1
github.com/jameswhoughton/meals/memory/sessionRepository.go:24.35,25.37 1 1
github.com/jameswhoughton/meals/memory/sessionRepository.go:25.37,27.9 2 1
github.com/jameswhoughton/meals/memory/sessionRepository.go:31.2,31.18 1 1
github.com/jameswhoughton/meals/memory/sessionRepository.go:31.18,33.3 1 0
github.com/jameswhoughton/meals/memory/sessionRepository.go:35.2,42.12 5 1
github.com/jameswhoughton/meals/memory/sessionRepository.go:45.97,46.35 1 1
github.com/jameswhoughton/meals/memory/sessionRepository.go:46.35,47.77 1 1
github.com/jameswhoughton/meals/memory/sessionRepository.go:47.77,52.4 3 1
github.com/jameswhoughton/meals/memory/sessionRepository.go:55.2,55.52 1 1
github.com/jameswhoughton/meals/memory/sessionRepository.go:58.74,61.35 2 1
github.com/jameswhoughton/meals/memory/sessionRepository.go:61.35,62.44 1 1
github.com/jameswhoughton/meals/memory/sessionRepository.go:62.44,63.12 1 1
github.com/jameswhoughton/meals/memory/sessionRepository.go:66.3,66.39 1 1
github.com/jameswhoughton/meals/memory/sessionRepository.go:69.2,71.12 2 1
github.com/jameswhoughton/meals/memory/tagRepository.go:13.61,14.31 1 1
github.com/jameswhoughton/meals/memory/tagRepository.go:14.31,15.19 1 1
github.com/jameswhoughton/meals/memory/tagRepository.go:15.19,17.4 1 1
github.com/jameswhoughton/meals/memory/tagRepository.go:20.2,20.52 1 1
github.com/jameswhoughton/meals/memory/tagRepository.go:23.79,28.31 3 1
github.com/jameswhoughton/meals/memory/tagRepository.go:28.31,29.27 1 1
github.com/jameswhoughton/meals/memory/tagRepository.go:29.27,30.12 1 1
github.com/jameswhoughton/meals/memory/tagRepository.go:33.3,33.58 1 1
github.com/jameswhoughton/meals/memory/tagRepository.go:33.58,35.4 1 1
github.com/jameswhoughton/meals/memory/tagRepository.go:38.2,38.18 1 1
github.com/jameswhoughton/meals/memory/tagRepository.go:41.54,42.39 1 1
github.com/jameswhoughton/meals/memory/tagRepository.go:42.39,43.31 1 1
github.com/jameswhoughton/meals/memory/tagRepository.go:43.31,45.9 2 1
github.com/jameswhoughton/meals/memory/tagRepository.go:49.2,49.12 1 1
github.com/jameswhoughton/meals/memory/tagRepository.go:52.88,55.31 2 0
github.com/jameswhoughton/meals/memory/tagRepository.go:55.31,56.27 1 0
github.com/jameswhoughton/meals/memory/tagRepository.go:56.27,57.12 1 0
github.com/jameswhoughton/meals/memory/tagRepository.go:60.3,60.28 1 0
github.com/jameswhoughton/meals/memory/tagRepository.go:63.2,63.20 1 0
github.com/jameswhoughton/meals/memory/userRepository.go:13.71,21.16 3 1
github.com/jameswhoughton/meals/memory/userRepository.go:21.16,23.3 1 1
github.com/jameswhoughton/meals/memory/userRepository.go:25.2,25.30 1 1
github.com/jameswhoughton/meals/memory/userRepository.go:25.30,27.3 1 1
github.com/jameswhoughton/meals/memory/userRepository.go:29.2,29.33 1 1
github.com/jameswhoughton/meals/memory/userRepository.go:29.33,31.3 1 1
github.com/jameswhoughton/meals/memory/userRepository.go:33.2,33.32 1 1
github.com/jameswhoughton/meals/memory/userRepository.go:33.32,34.43 1 1
github.com/jameswhoughton/meals/memory/userRepository.go:34.43,36.4 1 1
github.com/jameswhoughton/meals/memory/userRepository.go:39.2,39.46 1 1
github.com/jameswhoughton/meals/memory/userRepository.go:42.69,48.2 3 1
github.com/jameswhoughton/meals/memory/userRepository.go:50.70,55.32 3 1
github.com/jameswhoughton/meals/memory/userRepository.go:55.32,56.20 1 1
github.com/jameswhoughton/meals/memory/userRepository.go:56.20,59.9 3 1
github.com/jameswhoughton/meals/memory/userRepository.go:63.2,63.12 1 1
github.com/jameswhoughton/meals/memory/userRepository.go:63.12,65.3 1 0
github.com/jameswhoughton/meals/memory/userRepository.go:67.2,73.34 4 1
github.com/jameswhoughton/meals/memory/userRepository.go:73.34,75.3 1 0
github.com/jameswhoughton/meals/memory/userRepository.go:77.2,77.12 1 1
github.com/jameswhoughton/meals/internal/auth/handlers.go:18.63,19.71 1 0
github.com/jameswhoughton/meals/internal/auth/handlers.go:19.71,27.17 2 0
github.com/jameswhoughton/meals/internal/auth/handlers.go:27.17,31.4 2 0
github.com/jameswhoughton/meals/internal/auth/handlers.go:33.3,35.17 2 0
github.com/jameswhoughton/meals/internal/auth/handlers.go:35.17,40.4 3 0
github.com/jameswhoughton/meals/internal/auth/handlers.go:42.3,44.21 2 0
github.com/jameswhoughton/meals/internal/auth/handlers.go:44.21,46.4 1 0
github.com/jameswhoughton/meals/internal/auth/handlers.go:48.3,56.5 2 0
github.com/jameswhoughton/meals/internal/auth/handlers.go:60.68,61.71 1 0
github.com/jameswhoughton/meals/internal/auth/handlers.go:61.71,73.55 4 0
github.com/jameswhoughton/meals/internal/auth/handlers.go:73.55,80.4 4 0
github.com/jameswhoughton/meals/internal/auth/handlers.go:82.3,82.17 1 0
github.com/jameswhoughton/meals/internal/auth/handlers.go:82.17,85.4 2 0
github.com/jameswhoughton/meals/internal/auth/handlers.go:87.3,89.50 2 0
github.com/jameswhoughton/meals/internal/auth/handlers.go:93.83,94.71 1 0
github.com/jameswhoughton/meals/internal/auth/handlers.go:94.71,97.17 2 0
github.com/jameswhoughton/meals/internal/auth/handlers.go:97.17,101.4 2 0
github.com/jameswhoughton/meals/internal/auth/handlers.go:103.3,105.17 2 0
github.com/jameswhoughton/meals/internal/auth/handlers.go:105.17,110.4 3 0
github.com/jameswhoughton/meals/internal/auth/handlers.go:112.3,114.17 2 0
github.com/jameswhoughton/meals/internal/auth/handlers.go:114.17,119.4 3 0
github.com/jameswhoughton/meals/internal/auth/handlers.go:121.3,129.17 3 0
github.com/jameswhoughton/meals/internal/auth/handlers.go:129.17,134.4 3 0
github.com/jameswhoughton/meals/internal/auth/handlers.go:136.3,138.17 2 0
github.com/jameswhoughton/meals/internal/auth/handlers.go:138.17,143.4 3 0
github.com/jameswhoughton/meals/internal/auth/handlers.go:145.3,151.21 2 0
github.com/jameswhoughton/meals/internal/auth/handlers.go:151.21,153.4 1 0
github.com/jameswhoughton/meals/internal/auth/handlers.go:155.3,161.17 2 0
github.com/jameswhoughton/meals/internal/auth/handlers.go:161.17,163.4 1 0
github.com/jameswhoughton/meals/internal/auth/handlers.go:167.62,168.71 1 0
github.com/jameswhoughton/meals/internal/auth/handlers.go:168.71,171.17 2 0
github.com/jameswhoughton/meals/internal/auth/handlers.go:171.17,176.4 3 0
github.com/jameswhoughton/meals/internal/auth/handlers.go:178.3,180.17 2 0
github.com/jameswhoughton/meals/internal/auth/handlers.go:180.17,185.4 3 0
github.com/jameswhoughton/meals/internal/auth/handlers.go:187.3,194.17 5 0
github.com/jameswhoughton/meals/internal/auth/handlers.go:194.17,198.4 2 0
github.com/jameswhoughton/meals/internal/auth/handlers.go:200.3,207.21 2 0
github.com/jameswhoughton/meals/internal/auth/handlers.go:207.21,210.4 2 0
github.com/jameswhoughton/meals/internal/auth/handlers.go:212.3,214.55 2 0
github.com/jameswhoughton/meals/internal/auth/handlers.go:214.55,221.4 4 0
github.com/jameswhoughton/meals/internal/auth/handlers.go:223.3,223.17 1 0
github.com/jameswhoughton/meals/internal/auth/handlers.go:223.17,225.4 1 0
github.com/jameswhoughton/meals/internal/auth/handlers.go:227.3,229.52 2 0
github.com/jameswhoughton/meals/internal/auth/handlers.go:233.56,234.71 1 0
github.com/jameswhoughton/meals/internal/auth/handlers.go:234.71,242.17 2 0
github.com/jameswhoughton/meals/internal/auth/handlers.go:242.17,246.4 2 0
github.com/jameswhoughton/meals/internal/auth/handlers.go:247.3,255.17 3 0
github.com/jameswhoughton/meals/internal/auth/handlers.go:255.17,259.4 2 0
github.com/jameswhoughton/meals/internal/auth/handlers.go:261.3,263.17 2 0
github.com/jameswhoughton/meals/internal/auth/handlers.go:263.17,267.4 2 0
github.com/jameswhoughton/meals/internal/auth/handlers.go:269.3,275.17 2 0
github.com/jameswhoughton/meals/internal/auth/handlers.go:275.17,277.4 1 0
github.com/jameswhoughton/meals/internal/auth/handlers.go:281.61,282.71 1 0
github.com/jameswhoughton/meals/internal/auth/handlers.go:282.71,289.17 4 0
github.com/jameswhoughton/meals/internal/auth/handlers.go:289.17,294.4 4 0
github.com/jameswhoughton/meals/internal/auth/handlers.go:296.3,298.17 2 0
github.com/jameswhoughton/meals/internal/auth/handlers.go:298.17,302.4 3 0
github.com/jameswhoughton/meals/internal/auth/handlers.go:304.3,316.52 3 0
github.com/jameswhoughton/meals/internal/auth/handlers.go:320.61,321.71 1 0
github.com/jameswhoughton/meals/internal/auth/handlers.go:321.71,324.17 2 0
github.com/jameswhoughton/meals/internal/auth/handlers.go:324.17,327.4 2 0
github.com/jameswhoughton/meals/internal/auth/handlers.go:329.3,331.17 2 0
github.com/jameswhoughton/meals/internal/auth/handlers.go:331.17,334.4 2 0
github.com/jameswhoughton/meals/internal/auth/handlers.go:336.3,348.50 3 0
github.com/jameswhoughton/meals/internal/auth/handlers.go:352.71,353.46 1 0
github.com/jameswhoughton/meals/internal/auth/handlers.go:353.46,354.72 1 0
github.com/jameswhoughton/meals/internal/auth/handlers.go:354.72,358.18 2 0
github.com/jameswhoughton/meals/internal/auth/handlers.go:358.18,359.12 1 0
github.com/jameswhoughton/meals/internal/auth/handlers.go:360.43,361.53 1 0
github.com/jameswhoughton/meals/internal/auth/handlers.go:362.13,364.67 2 0
github.com/jameswhoughton/meals/internal/auth/handlers.go:366.5,366.11 1 0
github.com/jameswhoughton/meals/internal/auth/handlers.go:369.4,371.18 2 0
github.com/jameswhoughton/meals/internal/auth/handlers.go:371.18,372.47 1 0
github.com/jameswhoughton/meals/internal/auth/handlers.go:372.47,377.6 3 0
github.com/jameswhoughton/meals/internal/auth/handlers.go:379.5,382.11 3 0
github.com/jameswhoughton/meals/internal/auth/handlers.go:386.4,402.24 5 0
github.com/jameswhoughton/meals/internal/auth/sessionRepository.go:16.46,18.2 1 0
github.com/jameswhoughton/meals/internal/auth/sessionRepository_contract.go:13.57,14.67 1 0
github.com/jameswhoughton/meals/internal/auth/sessionRepository_contract.go:14.67,27.17 5 0
github.com/jameswhoughton/meals/internal/auth/sessionRepository_contract.go:27.17,29.4 1 0
github.com/jameswhoughton/meals/internal/auth/sessionRepository_contract.go:31.3,31.29 1 0
github.com/jameswhoughton/meals/internal/auth/sessionRepository_contract.go:31.29,33.4 1 0
github.com/jameswhoughton/meals/internal/auth/sessionRepository_contract.go:35.3,35.55 1 0
github.com/jameswhoughton/meals/internal/auth/sessionRepository_contract.go:35.55,37.4 1 0
github.com/jameswhoughton/meals/internal/auth/sessionRepository_contract.go:39.3,39.49 1 0
github.com/jameswhoughton/meals/internal/auth/sessionRepository_contract.go:39.49,41.4 1 0
github.com/jameswhoughton/meals/internal/auth/sessionRepository_contract.go:43.3,45.17 2 0
github.com/jameswhoughton/meals/internal/auth/sessionRepository_contract.go:45.17,47.4 1 0
github.com/jameswhoughton/meals/internal/auth/sessionRepository_contract.go:49.3,49.29 1 0
github.com/jameswhoughton/meals/internal/auth/sessionRepository_contract.go:49.29,51.4 1 0
github.com/jameswhoughton/meals/internal/auth/sessionRepository_contract.go:53.3,53.55 1 0
github.com/jameswhoughton/meals/internal/auth/sessionRepository_contract.go:53.55,55.4 1 0
github.com/jameswhoughton/meals/internal/auth/sessionRepository_contract.go:57.3,57.49 1 0
github.com/jameswhoughton/meals/internal/auth/sessionRepository_contract.go:57.49,59.4 1 0
github.com/jameswhoughton/meals/internal/auth/sessionRepository_contract.go:61.3,61.101 1 0
github.com/jameswhoughton/meals/internal/auth/sessionRepository_contract.go:61.101,63.4 1 0
github.com/jameswhoughton/meals/internal/auth/sessionRepository_contract.go:65.3,67.17 2 0
github.com/jameswhoughton/meals/internal/auth/sessionRepository_contract.go:67.17,69.4 1 0
github.com/jameswhoughton/meals/internal/auth/sessionRepository_contract.go:71.3,73.17 2 0
github.com/jameswhoughton/meals/internal/auth/sessionRepository_contract.go:73.17,75.4 1 0
github.com/jameswhoughton/meals/internal/auth/sessionRepository_contract.go:77.3,77.46 1 0
github.com/jameswhoughton/meals/internal/auth/sessionRepository_contract.go:77.46,79.4 1 0
github.com/jameswhoughton/meals/internal/auth/sessionRepository_contract.go:82.2,82.84 1 0
github.com/jameswhoughton/meals/internal/auth/sessionRepository_contract.go:82.84,94.17 5 0
github.com/jameswhoughton/meals/internal/auth/sessionRepository_contract.go:94.17,96.4 1 0
github.com/jameswhoughton/meals/internal/auth/sessionRepository_contract.go:98.3,98.46 1 0
github.com/jameswhoughton/meals/internal/auth/sessionRepository_contract.go:98.46,100.4 1 0
github.com/jameswhoughton/meals/internal/auth/sessionRepository_contract.go:104.2,104.88 1 0
github.com/jameswhoughton/meals/internal/auth/sessionRepository_contract.go:104.88,130.17 8 0
github.com/jameswhoughton/meals/internal/auth/sessionRepository_contract.go:130.17,132.4 1 0
github.com/jameswhoughton/meals/internal/auth/sessionRepository_contract.go:134.3,136.17 2 0
github.com/jameswhoughton/meals/internal/auth/sessionRepository_contract.go:136.17,138.4 1 0
github.com/jameswhoughton/meals/internal/auth/sessionRepository_contract.go:140.3,140.46 1 0
github.com/jameswhoughton/meals/internal/auth/sessionRepository_contract.go:140.46,142.4 1 0
github.com/jameswhoughton/meals/internal/auth/sessionRepository_contract.go:144.3,146.17 2 0
github.com/jameswhoughton/meals/internal/auth/sessionRepository_contract.go:146.17,148.4 1 0
github.com/jameswhoughton/meals/internal/auth/sessionRepository_contract.go:150.3,152.17 2 0
github.com/jameswhoughton/meals/internal/auth/sessionRepository_contract.go:152.17,154.4 1 0
github.com/jameswhoughton/meals/internal/auth/sessionRepository_contract.go:156.3,156.46 1 0
github.com/jameswhoughton/meals/internal/auth/sessionRepository_contract.go:156.46,158.4 1 0
github.com/jameswhoughton/meals/internal/auth/userRepository.go:14.45,16.2 1 0
github.com/jameswhoughton/meals/internal/auth/userRepository.go:18.36,19.37 1 1
github.com/jameswhoughton/meals/internal/auth/userRepository.go:19.37,21.3 1 0
github.com/jameswhoughton/meals/internal/auth/userRepository.go:23.2,23.12 1 1
github.com/jameswhoughton/meals/internal/auth/userRepository.go:37.43,39.2 1 0
github.com/jameswhoughton/meals/internal/auth/userRepository_contract.go:14.53,15.66 1 0
github.com/jameswhoughton/meals/internal/auth/userRepository_contract.go:15.66,31.17 8 0
github.com/jameswhoughton/meals/internal/auth/userRepository_contract.go:31.17,33.4 1 0
github.com/jameswhoughton/meals/internal/auth/userRepository_contract.go:35.3,35.19 1 0
github.com/jameswhoughton/meals/internal/auth/userRepository_contract.go:35.19,37.4 1 0
github.com/jameswhoughton/meals/internal/auth/userRepository_contract.go:39.3,39.33 1 0
github.com/jameswhoughton/meals/internal/auth/userRepository_contract.go:39.33,41.4 1 0
github.com/jameswhoughton/meals/internal/auth/userRepository_contract.go:43.3,43.27 1 0
github.com/jameswhoughton/meals/internal/auth/userRepository_contract.go:43.27,45.4 1 0
github.com/jameswhoughton/meals/internal/auth/userRepository_contract.go:48.3,50.17 2 0
github.com/jameswhoughton/meals/internal/auth/userRepository_contract.go:50.17,52.4 1 0
github.com/jameswhoughton/meals/internal/auth/userRepository_contract.go:54.3,54.33 1 0
github.com/jameswhoughton/meals/internal/auth/userRepository_contract.go:54.33,56.4 1 0
github.com/jameswhoughton/meals/internal/auth/userRepository_contract.go:59.3,61.17 2 0
github.com/jameswhoughton/meals/internal/auth/userRepository_contract.go:61.17,63.4 1 0
github.com/jameswhoughton/meals/internal/auth/userRepository_contract.go:65.3,65.32 1 0
github.com/jameswhoughton/meals/internal/auth/userRepository_contract.go:65.32,67.4 1 0
github.com/jameswhoughton/meals/internal/auth/userRepository_contract.go:69.3,69.33 1 0
github.com/jameswhoughton/meals/internal/auth/userRepository_contract.go:69.33,71.4 1 0
github.com/jameswhoughton/meals/internal/auth/userRepository_contract.go:73.3,87.17 6 0
github.com/jameswhoughton/meals/internal/auth/userRepository_contract.go:87.17,89.4 1 0
github.com/jameswhoughton/meals/internal/auth/userRepository_contract.go:91.3,93.17 2 0
github.com/jameswhoughton/meals/internal/auth/userRepository_contract.go:93.17,95.4 1 0
github.com/jameswhoughton/meals/internal/auth/userRepository_contract.go:97.3,97.32 1 0
github.com/jameswhoughton/meals/internal/auth/userRepository_contract.go:97.32,99.4 1 0
github.com/jameswhoughton/meals/internal/auth/userRepository_contract.go:101.3,101.36 1 0
github.com/jameswhoughton/meals/internal/auth/userRepository_contract.go:101.36,103.4 1 0
github.com/jameswhoughton/meals/internal/auth/userRepository_contract.go:105.3,105.34 1 0
github.com/jameswhoughton/meals/internal/auth/userRepository_contract.go:105.34,107.4 1 0
github.com/jameswhoughton/meals/internal/auth/userRepository_contract.go:109.3,109.46 1 0
github.com/jameswhoughton/meals/internal/auth/userRepository_contract.go:109.46,111.4 1 0
github.com/jameswhoughton/meals/internal/auth/userRepository_contract.go:114.2,114.80 1 0
github.com/jameswhoughton/meals/internal/auth/userRepository_contract.go:114.80,122.17 5 0
github.com/jameswhoughton/meals/internal/auth/userRepository_contract.go:122.17,124.4 1 0
github.com/jameswhoughton/meals/internal/auth/userRepository_contract.go:126.3,126.43 1 0
github.com/jameswhoughton/meals/internal/auth/userRepository_contract.go:126.43,128.4 1 0
github.com/jameswhoughton/meals/internal/auth/userRepository_contract.go:131.2,131.91 1 0
github.com/jameswhoughton/meals/internal/auth/userRepository_contract.go:131.91,137.17 4 0
github.com/jameswhoughton/meals/internal/auth/userRepository_contract.go:137.17,139.4 1 0
github.com/jameswhoughton/meals/internal/auth/userRepository_contract.go:141.3,141.45 1 0
github.com/jameswhoughton/meals/internal/auth/userRepository_contract.go:141.45,144.4 2 0
github.com/jameswhoughton/meals/internal/auth/userService.go:23.27,28.2 3 1
github.com/jameswhoughton/meals/internal/auth/userService.go:30.47,31.20 1 1
github.com/jameswhoughton/meals/internal/auth/userService.go:31.20,33.3 1 1
github.com/jameswhoughton/meals/internal/auth/userService.go:35.2,35.21 1 1
github.com/jameswhoughton/meals/internal/auth/userService.go:35.21,37.3 1 1
github.com/jameswhoughton/meals/internal/auth/userService.go:39.2,39.17 1 1
github.com/jameswhoughton/meals/internal/auth/userService.go:42.72,43.33 1 1
github.com/jameswhoughton/meals/internal/auth/userService.go:43.33,45.3 1 1
github.com/jameswhoughton/meals/internal/auth/userService.go:47.2,47.24 1 1
github.com/jameswhoughton/meals/internal/auth/userService.go:47.24,49.3 1 1
github.com/jameswhoughton/meals/internal/auth/userService.go:51.2,51.25 1 1
github.com/jameswhoughton/meals/internal/auth/userService.go:51.25,53.3 1 1
github.com/jameswhoughton/meals/internal/auth/userService.go:55.2,55.17 1 1
github.com/jameswhoughton/meals/internal/auth/userService.go:58.49,59.21 1 1
github.com/jameswhoughton/meals/internal/auth/userService.go:59.21,61.3 1 1
github.com/jameswhoughton/meals/internal/auth/userService.go:63.2,63.22 1 1
github.com/jameswhoughton/meals/internal/auth/userService.go:63.22,65.3 1 1
github.com/jameswhoughton/meals/internal/auth/userService.go:67.2,67.17 1 1
github.com/jameswhoughton/meals/internal/auth/userService.go:71.51,72.24 1 1
github.com/jameswhoughton/meals/internal/auth/userService.go:72.24,74.3 1 1
github.com/jameswhoughton/meals/internal/auth/userService.go:76.2,76.17 1 1
github.com/jameswhoughton/meals/internal/auth/userService.go:89.89,92.23 2 1
github.com/jameswhoughton/meals/internal/auth/userService.go:92.23,93.83 1 1
github.com/jameswhoughton/meals/internal/auth/userService.go:93.83,95.4 1 1
github.com/jameswhoughton/meals/internal/auth/userService.go:98.2,98.54 1 1
github.com/jameswhoughton/meals/internal/auth/userService.go:98.54,100.3 1 1
github.com/jameswhoughton/meals/internal/auth/userService.go:102.2,102.34 1 1
github.com/jameswhoughton/meals/internal/auth/userService.go:102.34,103.57 1 1
github.com/jameswhoughton/meals/internal/auth/userService.go:103.57,105.4 1 1
github.com/jameswhoughton/meals/internal/auth/userService.go:107.3,109.54 2 1
github.com/jameswhoughton/meals/internal/auth/userService.go:109.54,111.4 1 1
github.com/jameswhoughton/meals/internal/auth/userService.go:114.2,114.70 1 1
github.com/jameswhoughton/meals/internal/auth/userService.go:114.70,116.3 1 1
github.com/jameswhoughton/meals/internal/auth/userService.go:118.2,118.27 1 1
github.com/jameswhoughton/meals/internal/auth/userService.go:130.71,133.81 2 1
github.com/jameswhoughton/meals/internal/auth/userService.go:133.81,135.3 1 1
github.com/jameswhoughton/meals/internal/auth/userService.go:137.2,137.54 1 1
github.com/jameswhoughton/meals/internal/auth/userService.go:137.54,139.3 1 1
github.com/jameswhoughton/meals/internal/auth/userService.go:141.2,141.56 1 1
github.com/jameswhoughton/meals/internal/auth/userService.go:141.56,143.3 1 1
github.com/jameswhoughton/meals/internal/auth/userService.go:145.2,147.17 2 1
github.com/jameswhoughton/meals/internal/auth/userService.go:147.17,149.3 1 1
github.com/jameswhoughton/meals/internal/auth/userService.go:151.2,151.27 1 1
github.com/jameswhoughton/meals/internal/auth/userService.go:154.43,156.16 2 1
github.com/jameswhoughton/meals/internal/auth/userService.go:156.16,158.3 1 0
github.com/jameswhoughton/meals/internal/auth/userService.go:159.2,159.13 1 1
github.com/jameswhoughton/meals/internal/auth/userService.go:162.110,168.2 1 1
github.com/jameswhoughton/meals/internal/auth/userService.go:176.85,179.16 2 1
github.com/jameswhoughton/meals/internal/auth/userService.go:179.16,181.3 1 1
github.com/jameswhoughton/meals/internal/auth/userService.go:183.2,185.16 2 1
github.com/jameswhoughton/meals/internal/auth/userService.go:185.16,187.3 1 0
github.com/jameswhoughton/meals/internal/auth/userService.go:189.2,189.18 1 1
github.com/jameswhoughton/meals/internal/auth/userService.go:192.71,193.33 1 1
github.com/jameswhoughton/meals/internal/auth/userService.go:193.33,195.3 1 1
github.com/jameswhoughton/meals/internal/auth/userService.go:197.2,207.16 8 1
github.com/jameswhoughton/meals/internal/auth/userService.go:207.16,209.3 1 0
github.com/jameswhoughton/meals/internal/auth/userService.go:211.2,211.25 1 1
github.com/jameswhoughton/meals/internal/auth/userService.go:217.42,219.2 1 0
github.com/jameswhoughton/meals/internal/auth/userService.go:221.63,224.16 2 1
github.com/jameswhoughton/meals/internal/auth/userService.go:224.16,226.3 1 0
github.com/jameswhoughton/meals/internal/auth/userService.go:228.2,228.46 1 1
github.com/jameswhoughton/meals/internal/auth/userService.go:228.46,230.3 1 1
github.com/jameswhoughton/meals/internal/auth/userService.go:232.2,238.34 5 1
github.com/jameswhoughton/meals/internal/auth/userService.go:238.34,242.3 2 1
github.com/jameswhoughton/meals/internal/auth/userService.go:244.2,246.53 2 1
github.com/jameswhoughton/meals/internal/auth/userService.go:249.51,251.2 1 1
github.com/jameswhoughton/meals/internal/auth/userService.go:253.67,266.16 8 1
github.com/jameswhoughton/meals/internal/auth/userService.go:266.16,268.3 1 0
github.com/jameswhoughton/meals/internal/auth/userService.go:270.2,270.21 1 1
github.com/jameswhoughton/meals/internal/auth/userService.go:273.75,276.16 2 0
github.com/jameswhoughton/meals/internal/auth/userService.go:276.16,278.3 1 0
github.com/jameswhoughton/meals/internal/auth/userService.go:280.2,282.16 2 0
github.com/jameswhoughton/meals/internal/auth/userService.go:282.16,284.3 1 0
github.com/jameswhoughton/meals/internal/auth/userService.go:286.2,286.18 1 0
github.com/jameswhoughton/meals/internal/planner/repository_contract.go:14.48,16.79 1 0
github.com/jameswhoughton/meals/internal/planner/repository_contract.go:16.79,37.17 7 0
github.com/jameswhoughton/meals/internal/planner/repository_contract.go:37.17,39.4 1 0
github.com/jameswhoughton/meals/internal/planner/repository_contract.go:41.3,43.17 2 0
github.com/jameswhoughton/meals/internal/planner/repository_contract.go:43.17,45.4 1 0
github.com/jameswhoughton/meals/internal/planner/repository_contract.go:48.3,50.37 2 0
github.com/jameswhoughton/meals/internal/planner/repository_contract.go:50.37,52.4 1 0
github.com/jameswhoughton/meals/internal/planner/repository_contract.go:54.3,56.17 2 0
github.com/jameswhoughton/meals/internal/planner/repository_contract.go:56.17,58.4 1 0
github.com/jameswhoughton/meals/internal/planner/repository_contract.go:60.3,62.17 2 0
github.com/jameswhoughton/meals/internal/planner/repository_contract.go:62.17,64.4 1 0
github.com/jameswhoughton/meals/internal/planner/repository_contract.go:66.3,66.20 1 0
github.com/jameswhoughton/meals/internal/planner/repository_contract.go:66.20,68.4 1 0
github.com/jameswhoughton/meals/internal/planner/repository_contract.go:70.3,73.31 2 0
github.com/jameswhoughton/meals/internal/planner/repository_contract.go:73.31,75.4 1 0
github.com/jameswhoughton/meals/internal/planner/repository_contract.go:78.2,78.91 1 0
github.com/jameswhoughton/meals/internal/planner/repository_contract.go:78.91,92.17 6 0
github.com/jameswhoughton/meals/internal/planner/repository_contract.go:92.17,94.4 1 0
github.com/jameswhoughton/meals/internal/planner/repository_contract.go:96.3,98.17 2 0
github.com/jameswhoughton/meals/internal/planner/repository_contract.go:98.17,100.4 1 0
github.com/jameswhoughton/meals/internal/planner/repository_contract.go:102.3,102.27 1 0
github.com/jameswhoughton/meals/internal/planner/repository_contract.go:102.27,104.4 1 0
github.com/jameswhoughton/meals/database/ingredientRepository.go:12.64,16.2 1 1
github.com/jameswhoughton/meals/database/ingredientRepository.go:22.75,31.16 3 1
github.com/jameswhoughton/meals/database/ingredientRepository.go:31.16,32.27 1 1
github.com/jameswhoughton/meals/database/ingredientRepository.go:32.27,34.4 1 1
github.com/jameswhoughton/meals/database/ingredientRepository.go:36.3,36.90 1 0
github.com/jameswhoughton/meals/database/ingredientRepository.go:39.2,39.24 1 1
github.com/jameswhoughton/meals/database/ingredientRepository.go:42.93,51.16 3 1
github.com/jameswhoughton/meals/database/ingredientRepository.go:51.16,53.3 1 0
github.com/jameswhoughton/meals/database/ingredientRepository.go:55.2,57.18 2 1
github.com/jameswhoughton/meals/database/ingredientRepository.go:57.18,60.88 2 1
github.com/jameswhoughton/meals/database/ingredientRepository.go:60.88,62.4 1 0
github.com/jameswhoughton/meals/database/ingredientRepository.go:64.3,64.48 1 1
github.com/jameswhoughton/meals/database/ingredientRepository.go:67.2,67.25 1 1
github.com/jameswhoughton/meals/database/ingredientRepository.go:70.75,74.2 2 1
github.com/jameswhoughton/meals/database/ingredientRepository.go:76.95,80.29 3 1
github.com/jameswhoughton/meals/database/ingredientRepository.go:80.29,82.3 1 1
github.com/jameswhoughton/meals/database/ingredientRepository.go:84.2,92.16 4 1
github.com/jameswhoughton/meals/database/ingredientRepository.go:92.16,94.3 1 0
github.com/jameswhoughton/meals/database/ingredientRepository.go:96.2,98.18 2 1
github.com/jameswhoughton/meals/database/ingredientRepository.go:98.18,102.46 3 1
github.com/jameswhoughton/meals/database/ingredientRepository.go:102.46,104.4 1 0
github.com/jameswhoughton/meals/database/ingredientRepository.go:106.3,106.27 1 1
github.com/jameswhoughton/meals/database/ingredientRepository.go:109.2,109.27 1 1
github.com/jameswhoughton/meals/database/mealRepository.go:12.52,16.2 1 1
github.com/jameswhoughton/meals/database/mealRepository.go:22.89,35.16 4 1
github.com/jameswhoughton/meals/database/mealRepository.go:35.16,37.3 1 0
github.com/jameswhoughton/meals/database/mealRepository.go:39.2,41.18 2 1
github.com/jameswhoughton/meals/database/mealRepository.go:41.18,47.3 3 1
github.com/jameswhoughton/meals/database/mealRepository.go:49.2,49.25 1 1
github.com/jameswhoughton/meals/database/mealRepository.go:52.71,65.16 4 1
github.com/jameswhoughton/meals/database/mealRepository.go:65.16,67.3 1 0
github.com/jameswhoughton/meals/database/mealRepository.go:69.2,71.18 2 1
github.com/jameswhoughton/meals/database/mealRepository.go:71.18,77.3 3 1
github.com/jameswhoughton/meals/database/mealRepository.go:79.2,79.18 1 1
github.com/jameswhoughton/meals/database/mealRepository.go:82.59,96.16 4 1
github.com/jameswhoughton/meals/database/mealRepository.go:96.16,97.27 1 1
github.com/jameswhoughton/meals/database/mealRepository.go:97.27,99.4 1 1
github.com/jameswhoughton/meals/database/mealRepository.go:101.3,101.78 1 0
github.com/jameswhoughton/meals/database/mealRepository.go:104.2,106.16 2 1
github.com/jameswhoughton/meals/database/mealRepository.go:106.16,108.3 1 0
github.com/jameswhoughton/meals/database/mealRepository.go:110.2,114.16 3 1
github.com/jameswhoughton/meals/database/mealRepository.go:114.16,116.3 1 0
github.com/jameswhoughton/meals/database/mealRepository.go:118.2,120.18 2 1
github.com/jameswhoughton/meals/database/mealRepository.go:122.79,125.16 2 1
github.com/jameswhoughton/meals/database/mealRepository.go:125.16,127.3 1 1
github.com/jameswhoughton/meals/database/mealRepository.go:129.2,142.24 5 1
github.com/jameswhoughton/meals/database/mealRepository.go:142.24,145.3 2 1
github.com/jameswhoughton/meals/database/mealRepository.go:147.2,147.29 1 1
github.com/jameswhoughton/meals/database/mealRepository.go:147.29,150.36 2 1
github.com/jameswhoughton/meals/database/mealRepository.go:150.36,153.4 2 1
github.com/jameswhoughton/meals/database/mealRepository.go:155.3,160.4 2 1
github.com/jameswhoughton/meals/database/mealRepository.go:163.2,163.43 1 1
github.com/jameswhoughton/meals/database/mealRepository.go:163.43,166.50 2 1
github.com/jameswhoughton/meals/database/mealRepository.go:166.50,169.4 2 1
github.com/jameswhoughton/meals/database/mealRepository.go:171.3,176.4 2 1
github.com/jameswhoughton/meals/database/mealRepository.go:179.2,179.29 1 1
github.com/jameswhoughton/meals/database/mealRepository.go:179.29,181.67 1 1
github.com/jameswhoughton/meals/database/mealRepository.go:181.67,184.4 2 1
github.com/jameswhoughton/meals/database/mealRepository.go:184.9,184.43 1 1
github.com/jameswhoughton/meals/database/mealRepository.go:184.43,187.4 2 0
github.com/jameswhoughton/meals/database/mealRepository.go:187.9,190.4 2 1
github.com/jameswhoughton/meals/database/mealRepository.go:191.3,194.4 1 1
github.com/jameswhoughton/meals/database/mealRepository.go:197.2,201.16 3 1
github.com/jameswhoughton/meals/database/mealRepository.go:201.16,203.3 1 0
github.com/jameswhoughton/meals/database/mealRepository.go:205.2,207.18 2 1
github.com/jameswhoughton/meals/database/mealRepository.go:207.18,210.70 2 1
github.com/jameswhoughton/meals/database/mealRepository.go:210.70,212.4 1 0
github.com/jameswhoughton/meals/database/mealRepository.go:214.3,214.36 1 1
github.com/jameswhoughton/meals/database/mealRepository.go:217.2,217.22 1 1
github.com/jameswhoughton/meals/database/mealRepository.go:220.73,223.16 2 1
github.com/jameswhoughton/meals/database/mealRepository.go:223.16,225.3 1 0
github.com/jameswhoughton/meals/database/mealRepository.go:227.2,229.16 2 1
github.com/jameswhoughton/meals/database/mealRepository.go:229.16,231.3 1 0
github.com/jameswhoughton/meals/database/mealRepository.go:233.2,233.21 1 1
github.com/jameswhoughton/meals/database/mealRepository.go:236.95,251.16 3 1
github.com/jameswhoughton/meals/database/mealRepository.go:251.16,253.3 1 0
github.com/jameswhoughton/meals/database/mealRepository.go:255.2,255.12 1 1
github.com/jameswhoughton/meals/database/mealRepository.go:258.50,270.16 2 1
github.com/jameswhoughton/meals/database/mealRepository.go:270.16,272.3 1 0
github.com/jameswhoughton/meals/database/mealRepository.go:274.2,274.12 1 1
github.com/jameswhoughton/meals/database/mealRepository.go:277.66,280.16 2 1
github.com/jameswhoughton/meals/database/mealRepository.go:280.16,282.3 1 0
github.com/jameswhoughton/meals/database/mealRepository.go:284.2,286.16 2 1
github.com/jameswhoughton/meals/database/mealRepository.go:286.16,288.3 1 0
github.com/jameswhoughton/meals/database/mealRepository.go:290.2,290.21 1 1
github.com/jameswhoughton/meals/database/mealRepository.go:293.66,306.16 3 1
github.com/jameswhoughton/meals/database/mealRepository.go:306.16,308.3 1 0
github.com/jameswhoughton/meals/database/mealRepository.go:310.2,310.12 1 1
github.com/jameswhoughton/meals/database/mealRepository.go:313.43,325.16 2 1
github.com/jameswhoughton/meals/database/mealRepository.go:325.16,327.3 1 0
github.com/jameswhoughton/meals/database/mealRepository.go:329.2,329.12 1 1
github.com/jameswhoughton/meals/database/mealRepository.go:332.71,335.16 2 1
github.com/jameswhoughton/meals/database/mealRepository.go:335.16,337.3 1 0
github.com/jameswhoughton/meals/database/mealRepository.go:339.2,354.16 4 1
github.com/jameswhoughton/meals/database/mealRepository.go:354.16,356.3 1 0
github.com/jameswhoughton/meals/database/mealRepository.go:358.2,360.16 2 1
github.com/jameswhoughton/meals/database/mealRepository.go:360.16,362.3 1 0
github.com/jameswhoughton/meals/database/mealRepository.go:364.2,366.46 2 1
github.com/jameswhoughton/meals/database/mealRepository.go:366.46,367.25 1 1
github.com/jameswhoughton/meals/database/mealRepository.go:367.25,370.18 2 1
github.com/jameswhoughton/meals/database/mealRepository.go:370.18,372.5 1 0
github.com/jameswhoughton/meals/database/mealRepository.go:374.4,374.31 1 1
github.com/jameswhoughton/meals/database/mealRepository.go:377.3,379.17 2 1
github.com/jameswhoughton/meals/database/mealRepository.go:379.17,381.4 1 0
github.com/jameswhoughton/meals/database/mealRepository.go:384.2,384.32 1 1
github.com/jameswhoughton/meals/database/mealRepository.go:384.32,385.18 1 1
github.com/jameswhoughton/meals/database/mealRepository.go:385.18,388.18 2 1
github.com/jameswhoughton/meals/database/mealRepository.go:388.18,390.5 1 0
github.com/jameswhoughton/meals/database/mealRepository.go:392.4,392.24 1 1
github.com/jameswhoughton/meals/database/mealRepository.go:395.3,397.17 2 1
github.com/jameswhoughton/meals/database/mealRepository.go:397.17,399.4 1 0
github.com/jameswhoughton/meals/database/mealRepository.go:402.2,402.36 1 1
github.com/jameswhoughton/meals/database/mealRepository.go:402.36,404.3 1 0
github.com/jameswhoughton/meals/database/mealRepository.go:406.2,406.18 1 1
github.com/jameswhoughton/meals/database/mealRepository.go:410.57,413.16 2 1
github.com/jameswhoughton/meals/database/mealRepository.go:413.16,415.3 1 0
github.com/jameswhoughton/meals/database/mealRepository.go:417.2,433.16 4 1
github.com/jameswhoughton/meals/database/mealRepository.go:433.16,435.3 1 0
github.com/jameswhoughton/meals/database/mealRepository.go:437.2,439.46 2 1
github.com/jameswhoughton/meals/database/mealRepository.go:439.46,440.25 1 1
github.com/jameswhoughton/meals/database/mealRepository.go:440.25,443.18 2 1
github.com/jameswhoughton/meals/database/mealRepository.go:443.18,445.5 1 0
github.com/jameswhoughton/meals/database/mealRepository.go:447.4,447.31 1 1
github.com/jameswhoughton/meals/database/mealRepository.go:450.3,452.17 2 1
github.com/jameswhoughton/meals/database/mealRepository.go:452.17,454.4 1 0
github.com/jameswhoughton/meals/database/mealRepository.go:456.3,456.62 1 1
github.com/jameswhoughton/meals/database/mealRepository.go:460.2,465.27 2 1
github.com/jameswhoughton/meals/database/mealRepository.go:465.27,467.3 1 1
github.com/jameswhoughton/meals/database/mealRepository.go:469.2,471.16 2 1
github.com/jameswhoughton/meals/database/mealRepository.go:471.16,473.3 1 0
github.com/jameswhoughton/meals/database/mealRepository.go:476.2,480.32 3 1
github.com/jameswhoughton/meals/database/mealRepository.go:480.32,481.18 1 1
github.com/jameswhoughton/meals/database/mealRepository.go:481.18,484.18 2 1
github.com/jameswhoughton/meals/database/mealRepository.go:484.18,486.5 1 0
github.com/jameswhoughton/meals/database/mealRepository.go:488.4,488.24 1 1
github.com/jameswhoughton/meals/database/mealRepository.go:491.3,493.17 2 1
github.com/jameswhoughton/meals/database/mealRepository.go:493.17,495.4 1 0
github.com/jameswhoughton/meals/database/mealRepository.go:497.3,497.55 1 1
github.com/jameswhoughton/meals/database/mealRepository.go:501.2,506.27 2 1
github.com/jameswhoughton/meals/database/mealRepository.go:506.27,509.3 1 1
github.com/jameswhoughton/meals/database/mealRepository.go:511.2,513.16 2 1
github.com/jameswhoughton/meals/database/mealRepository.go:513.16,515.3 1 0
github.com/jameswhoughton/meals/database/mealRepository.go:518.2,520.16 2 1
github.com/jameswhoughton/meals/database/mealRepository.go:520.16,522.3 1 0
github.com/jameswhoughton/meals/database/mealRepository.go:524.2,524.36 1 1
github.com/jameswhoughton/meals/database/mealRepository.go:524.36,526.3 1 0
github.com/jameswhoughton/meals/database/mealRepository.go:528.2,528.12 1 1
github.com/jameswhoughton/meals/database/mealRepository.go:531.49,534.16 2 1
github.com/jameswhoughton/meals/database/mealRepository.go:534.16,536.3 1 0
github.com/jameswhoughton/meals/database/mealRepository.go:538.2,540.80 2 1
github.com/jameswhoughton/meals/database/mealRepository.go:540.80,542.3 1 0
github.com/jameswhoughton/meals/database/mealRepository.go:544.2,544.90 1 1
github.com/jameswhoughton/meals/database/mealRepository.go:544.90,546.3 1 0
github.com/jameswhoughton/meals/database/mealRepository.go:548.2,548.83 1 1
github.com/jameswhoughton/meals/database/mealRepository.go:548.83,550.3 1 0
github.com/jameswhoughton/meals/database/mealRepository.go:552.2,552.73 1 1
github.com/jameswhoughton/meals/database/mealRepository.go:552.73,554.3 1 0
github.com/jameswhoughton/meals/database/mealRepository.go:556.2,560.36 3 1
github.com/jameswhoughton/meals/database/mealRepository.go:560.36,562.3 1 0
github.com/jameswhoughton/meals/database/mealRepository.go:564.2,564.12 1 1
github.com/jameswhoughton/meals/database/mealRepository.go:567.70,576.16 3 1
github.com/jameswhoughton/meals/database/mealRepository.go:576.16,578.3 1 0
github.com/jameswhoughton/meals/database/mealRepository.go:580.2,580.12 1 1
github.com/jameswhoughton/meals/database/migrate.go:14.34,20.16 3 1
github.com/jameswhoughton/meals/database/migrate.go:20.16,22.3 1 0
github.com/jameswhoughton/meals/database/migrate.go:24.2,26.16 2 1
github.com/jameswhoughton/meals/database/migrate.go:26.16,28.3 1 0
github.com/jameswhoughton/meals/database/migrate.go:30.2,32.16 2 1
github.com/jameswhoughton/meals/database/migrate.go:32.16,34.3 1 0
github.com/jameswhoughton/meals/database/migrate.go:36.2,36.12 1 1
github.com/jameswhoughton/meals/database/plannerRepository.go:11.58,15.2 1 1
github.com/jameswhoughton/meals/database/plannerRepository.go:21.46,23.2 1 1
github.com/jameswhoughton/meals/database/plannerRepository.go:25.68,32.16 2 1
github.com/jameswhoughton/meals/database/plannerRepository.go:32.16,34.3 1 0
github.com/jameswhoughton/meals/database/plannerRepository.go:36.2,36.12 1 1
github.com/jameswhoughton/meals/database/plannerRepository.go:39.84,52.16 3 1
github.com/jameswhoughton/meals/database/plannerRepository.go:52.16,53.27 1 1
github.com/jameswhoughton/meals/database/plannerRepository.go:53.27,55.4 1 1
github.com/jameswhoughton/meals/database/plannerRepository.go:57.3,57.87 1 0
github.com/jameswhoughton/meals/database/plannerRepository.go:60.2,60.18 1 1
github.com/jameswhoughton/meals/database/plannerRepository.go:63.70,75.16 2 1
github.com/jameswhoughton/meals/database/plannerRepository.go:75.16,77.3 1 0
github.com/jameswhoughton/meals/database/plannerRepository.go:79.2,79.12 1 1
github.com/jameswhoughton/meals/database/sessionRepository.go:15.58,17.2 1 1
github.com/jameswhoughton/meals/database/sessionRepository.go:19.81,22.16 2 1
github.com/jameswhoughton/meals/database/sessionRepository.go:22.16,24.3 1 0
github.com/jameswhoughton/meals/database/sessionRepository.go:26.2,28.16 2 1
github.com/jameswhoughton/meals/database/sessionRepository.go:28.16,30.3 1 0
github.com/jameswhoughton/meals/database/sessionRepository.go:32.2,34.21 2 1
github.com/jameswhoughton/meals/database/sessionRepository.go:37.62,40.16 2 1
github.com/jameswhoughton/meals/database/sessionRepository.go:40.16,42.3 1 0
github.com/jameswhoughton/meals/database/sessionRepository.go:44.2,44.12 1 1
github.com/jameswhoughton/meals/database/sessionRepository.go:47.97,50.270 2 1
github.com/jameswhoughton/meals/database/sessionRepository.go:50.270,51.27 1 1
github.com/jameswhoughton/meals/database/sessionRepository.go:51.27,53.4 1 1
github.com/jameswhoughton/meals/database/sessionRepository.go:55.3,55.71 1 0
github.com/jameswhoughton/meals/database/sessionRepository.go:58.2,62.16 3 1
github.com/jameswhoughton/meals/database/sessionRepository.go:62.16,64.3 1 0
github.com/jameswhoughton/meals/database/sessionRepository.go:66.2,68.21 2 1
github.com/jameswhoughton/meals/database/sessionRepository.go:71.74,74.16 2 1
github.com/jameswhoughton/meals/database/sessionRepository.go:74.16,76.3 1 0
github.com/jameswhoughton/meals/database/sessionRepository.go:78.2,78.12 1 1
github.com/jameswhoughton/meals/database/tagRepository.go:12.50,16.2 1 1
github.com/jameswhoughton/meals/database/tagRepository.go:22.61,31.16 3 1
github.com/jameswhoughton/meals/database/tagRepository.go:31.16,32.27 1 1
github.com/jameswhoughton/meals/database/tagRepository.go:32.27,34.4 1 1
github.com/jameswhoughton/meals/database/tagRepository.go:36.3,36.76 1 0
github.com/jameswhoughton/meals/database/tagRepository.go:39.2,39.17 1 1
github.com/jameswhoughton/meals/database/tagRepository.go:42.79,51.16 3 1
github.com/jameswhoughton/meals/database/tagRepository.go:51.16,53.3 1 0
github.com/jameswhoughton/meals/database/tagRepository.go:55.2,57.18 2 1
github.com/jameswhoughton/meals/database/tagRepository.go:57.18,60.67 2 1
github.com/jameswhoughton/meals/database/tagRepository.go:60.67,62.4 1 0
github.com/jameswhoughton/meals/database/tagRepository.go:64.3,64.27 1 1
github.com/jameswhoughton/meals/database/tagRepository.go:67.2,67.18 1 1
github.com/jameswhoughton/meals/database/tagRepository.go:70.54,74.2 2 1
github.com/jameswhoughton/meals/database/tagRepository.go:75.88,79.29 3 0
github.com/jameswhoughton/meals/database/tagRepository.go:79.29,81.3 1 0
github.com/jameswhoughton/meals/database/tagRepository.go:83.2,91.16 4 0
github.com/jameswhoughton/meals/database/tagRepository.go:91.16,93.3 1 0
github.com/jameswhoughton/meals/database/tagRepository.go:95.2,97.18 2 0
github.com/jameswhoughton/meals/database/tagRepository.go:97.18,101.46 3 0
github.com/jameswhoughton/meals/database/tagRepository.go:101.46,103.4 1 0
github.com/jameswhoughton/meals/database/tagRepository.go:105.3,105.20 1 0
github.com/jameswhoughton/meals/database/tagRepository.go:108.2,108.20 1 0
github.com/jameswhoughton/meals/database/userRepository.go:16.53,18.2 1 1
github.com/jameswhoughton/meals/database/userRepository.go:20.71,26.16 4 1
github.com/jameswhoughton/meals/database/userRepository.go:26.16,28.3 1 1
github.com/jameswhoughton/meals/database/userRepository.go:30.2,32.22 2 1
github.com/jameswhoughton/meals/database/userRepository.go:32.22,35.3 2 1
github.com/jameswhoughton/meals/database/userRepository.go:37.2,37.25 1 1
github.com/jameswhoughton/meals/database/userRepository.go:37.25,40.3 2 1
github.com/jameswhoughton/meals/database/userRepository.go:42.2,46.16 3 1
github.com/jameswhoughton/meals/database/userRepository.go:46.16,47.27 1 1
github.com/jameswhoughton/meals/database/userRepository.go:47.27,49.4 1 1
github.com/jameswhoughton/meals/database/userRepository.go:51.3,51.84 1 0
github.com/jameswhoughton/meals/database/userRepository.go:54.2,54.18 1 1
github.com/jameswhoughton/meals/database/userRepository.go:57.69,64.16 2 1
github.com/jameswhoughton/meals/database/userRepository.go:64.16,66.3 1 0
github.com/jameswhoughton/meals/database/userRepository.go:68.2,70.16 2 1
github.com/jameswhoughton/meals/database/userRepository.go:70.16,72.3 1 0
github.com/jameswhoughton/meals/database/userRepository.go:74.2,76.18 2 1
github.com/jameswhoughton/meals/database/userRepository.go:79.70,82.16 2 1
github.com/jameswhoughton/meals/database/userRepository.go:82.16,84.3 1 0
github.com/jameswhoughton/meals/database/userRepository.go:86.2,100.34 3 1
github.com/jameswhoughton/meals/database/userRepository.go:100.34,103.3 2 0
github.com/jameswhoughton/meals/database/userRepository.go:105.2,111.16 4 1
github.com/jameswhoughton/meals/database/userRepository.go:111.16,113.3 1 0
github.com/jameswhoughton/meals/database/userRepository.go:115.2,115.12 1 1
github.com/jameswhoughton/meals/internal/planner/repository_contract.go:14.48,16.79 1 1
github.com/jameswhoughton/meals/internal/planner/repository_contract.go:16.79,37.17 7 1
github.com/jameswhoughton/meals/internal/planner/repository_contract.go:37.17,39.4 1 0
github.com/jameswhoughton/meals/internal/planner/repository_contract.go:41.3,43.17 2 1
github.com/jameswhoughton/meals/internal/planner/repository_contract.go:43.17,45.4 1 0
github.com/jameswhoughton/meals/internal/planner/repository_contract.go:48.3,50.37 2 1
github.com/jameswhoughton/meals/internal/planner/repository_contract.go:50.37,52.4 1 0
github.com/jameswhoughton/meals/internal/planner/repository_contract.go:54.3,56.17 2 1
github.com/jameswhoughton/meals/internal/planner/repository_contract.go:56.17,58.4 1 0
github.com/jameswhoughton/meals/internal/planner/repository_contract.go:60.3,62.17 2 1
github.com/jameswhoughton/meals/internal/planner/repository_contract.go:62.17,64.4 1 0
github.com/jameswhoughton/meals/internal/planner/repository_contract.go:66.3,66.20 1 1
github.com/jameswhoughton/meals/internal/planner/repository_contract.go:66.20,68.4 1 0
github.com/jameswhoughton/meals/internal/planner/repository_contract.go:70.3,73.31 2 1
github.com/jameswhoughton/meals/internal/planner/repository_contract.go:73.31,75.4 1 0
github.com/jameswhoughton/meals/internal/planner/repository_contract.go:78.2,78.91 1 1
github.com/jameswhoughton/meals/internal/planner/repository_contract.go:78.91,92.17 6 1
github.com/jameswhoughton/meals/internal/planner/repository_contract.go:92.17,94.4 1 0
github.com/jameswhoughton/meals/internal/planner/repository_contract.go:96.3,98.17 2 1
github.com/jameswhoughton/meals/internal/planner/repository_contract.go:98.17,100.4 1 0
github.com/jameswhoughton/meals/internal/planner/repository_contract.go:102.3,102.27 1 1
github.com/jameswhoughton/meals/internal/planner/repository_contract.go:102.27,104.4 1 0
